2026-09-02 00:20:47,122 [INFO] Starting daily ingestion pipeline for date: 2026-09-02
2026-09-02 00:20:48,503 [INFO] Ingested 0 records for NA1 CHALLENGER.
2026-09-02 05:59:12,569 [INFO] Starting daily ingestion pipeline for date: 2026-09-02
2026-09-02 05:59:50,026 [INFO] Starting daily ingestion pipeline for date: 2026-09-02
2026-09-02 06:05:08,089 [INFO] Starting daily ingestion pipeline for date: 2026-09-02
2026-09-02 06:05:08,887 [INFO] Successfully ingested 2 players for NA1 CHALLENGER.
2026-09-02 06:05:10,802 [INFO] Successfully ingested 14 players for NA1 GRANDMASTER.
2026-09-02 06:05:13,145 [INFO] Successfully ingested 66 players for NA1 MASTER.
2026-09-02 06:05:15,525 [INFO] Successfully ingested 2 players for EUW1 CHALLENGER.
2026-09-02 06:05:17,405 [INFO] Successfully ingested 15 players for EUW1 GRANDMASTER.
2026-09-02 06:05:19,586 [INFO] Successfully ingested 95 players for EUW1 MASTER.
2026-09-02 06:05:22,132 [INFO] Successfully ingested 4 players for KR CHALLENGER.
2026-09-02 06:05:24,149 [INFO] Successfully ingested 25 players for KR GRANDMASTER.
2026-09-02 06:05:26,211 [INFO] Successfully ingested 97 players for KR MASTER.
2026-09-02 06:05:28,568 [INFO] Successfully ingested 2 players for EUN1 CHALLENGER.
2026-09-02 06:05:30,777 [INFO] Successfully ingested 4 players for EUN1 GRANDMASTER.
2026-09-02 06:05:32,803 [INFO] Successfully ingested 12 players for EUN1 MASTER.
2026-09-02 06:05:34,753 [INFO] Successfully ingested 4 players for BR1 CHALLENGER.
2026-09-02 06:05:36,671 [INFO] Successfully ingested 7 players for BR1 GRANDMASTER.
2026-09-02 06:05:38,597 [INFO] Successfully ingested 14 players for BR1 MASTER.
2026-09-02 06:05:39,797 [INFO] Ingestion complete. Total records stored: 363
2026-09-02 06:05:39,799 [INFO] Purge complete. Removed 0 records older than 2026-08-28.
2026-09-02 06:13:04,068 [INFO] Starting daily ingestion pipeline for date: 2026-09-02
2026-09-02 06:13:04,898 [INFO] Successfully ingested 2 players for NA1 CHALLENGER.
2026-09-02 06:13:06,819 [INFO] Successfully ingested 14 players for NA1 GRANDMASTER.
2026-09-02 06:13:08,822 [INFO] Successfully ingested 67 players for NA1 MASTER.
2026-09-02 06:13:10,848 [INFO] Successfully ingested 2 players for EUW1 CHALLENGER.
2026-09-02 06:13:12,810 [INFO] Successfully ingested 15 players for EUW1 GRANDMASTER.
2026-09-02 06:13:14,844 [INFO] Successfully ingested 95 players for EUW1 MASTER.
2026-09-02 06:13:16,919 [INFO] Successfully ingested 4 players for KR CHALLENGER.
2026-09-02 06:13:19,029 [INFO] Successfully ingested 25 players for KR GRANDMASTER.
2026-09-02 06:13:21,180 [INFO] Successfully ingested 97 players for KR MASTER.
2026-09-02 06:13:23,556 [INFO] Successfully ingested 2 players for EUN1 CHALLENGER.
2026-09-02 06:13:25,581 [INFO] Successfully ingested 4 players for EUN1 GRANDMASTER.
2026-09-02 06:13:27,599 [INFO] Successfully ingested 12 players for EUN1 MASTER.
2026-09-02 06:13:29,674 [INFO] Successfully ingested 4 players for BR1 CHALLENGER.
2026-09-02 06:13:31,784 [INFO] Successfully ingested 7 players for BR1 GRANDMASTER.
2026-09-02 06:13:33,843 [INFO] Successfully ingested 14 players for BR1 MASTER.
2026-09-02 06:13:36,494 [INFO] Successfully ingested 1 players for JP1 CHALLENGER.
2026-09-02 06:13:38,578 [INFO] Successfully ingested 5 players for JP1 GRANDMASTER.
2026-09-02 06:13:40,770 [INFO] Successfully ingested 38 players for JP1 MASTER.
2026-09-02 06:13:41,986 [ERROR] Network error on vn1 challenger: HTTPSConnectionPool(host='vn1.api.riotgames.com', port=443): Max retries exceeded with url: /tft/league/v1/challenger (Caused by NameResolutionError("HTTPSConnection(host='vn1.api.riotgames.com', port=443): Failed to resolve 'vn1.api.riotgames.com' ([Errno 11001] getaddrinfo failed)"))
2026-09-02 06:13:41,988 [ERROR] Network error on vn1 grandmaster: HTTPSConnectionPool(host='vn1.api.riotgames.com', port=443): Max retries exceeded with url: /tft/league/v1/grandmaster (Caused by NameResolutionError("HTTPSConnection(host='vn1.api.riotgames.com', port=443): Failed to resolve 'vn1.api.riotgames.com' ([Errno 11001] getaddrinfo failed)"))
2026-09-02 06:13:41,989 [ERROR] Network error on vn1 master: HTTPSConnectionPool(host='vn1.api.riotgames.com', port=443): Max retries exceeded with url: /tft/league/v1/master (Caused by NameResolutionError("HTTPSConnection(host='vn1.api.riotgames.com', port=443): Failed to resolve 'vn1.api.riotgames.com' ([Errno 11001] getaddrinfo failed)"))
2026-09-02 06:13:42,004 [ERROR] Network error on ph2 challenger: HTTPSConnectionPool(host='ph2.api.riotgames.com', port=443): Max retries exceeded with url: /tft/league/v1/challenger (Caused by NameResolutionError("HTTPSConnection(host='ph2.api.riotgames.com', port=443): Failed to resolve 'ph2.api.riotgames.com' ([Errno 11001] getaddrinfo failed)"))
2026-09-02 06:13:42,010 [ERROR] Network error on ph2 grandmaster: HTTPSConnectionPool(host='ph2.api.riotgames.com', port=443): Max retries exceeded with url: /tft/league/v1/grandmaster (Caused by NameResolutionError("HTTPSConnection(host='ph2.api.riotgames.com', port=443): Failed to resolve 'ph2.api.riotgames.com' ([Errno 11001] getaddrinfo failed)"))
2026-09-02 06:13:42,014 [ERROR] Network error on ph2 master: HTTPSConnectionPool(host='ph2.api.riotgames.com', port=443): Max retries exceeded with url: /tft/league/v1/master (Caused by NameResolutionError("HTTPSConnection(host='ph2.api.riotgames.com', port=443): Failed to resolve 'ph2.api.riotgames.com' ([Errno 11001] getaddrinfo failed)"))
2026-09-02 06:13:45,716 [INFO] Successfully ingested 11 players for SG2 GRANDMASTER.
2026-09-02 06:13:48,049 [INFO] Successfully ingested 37 players for SG2 MASTER.
2026-09-02 06:13:49,271 [ERROR] Network error on th2 challenger: HTTPSConnectionPool(host='th2.api.riotgames.com', port=443): Max retries exceeded with url: /tft/league/v1/challenger (Caused by NameResolutionError("HTTPSConnection(host='th2.api.riotgames.com', port=443): Failed to resolve 'th2.api.riotgames.com' ([Errno 11001] getaddrinfo failed)"))
2026-09-02 06:13:49,274 [ERROR] Network error on th2 grandmaster: HTTPSConnectionPool(host='th2.api.riotgames.com', port=443): Max retries exceeded with url: /tft/league/v1/grandmaster (Caused by NameResolutionError("HTTPSConnection(host='th2.api.riotgames.com', port=443): Failed to resolve 'th2.api.riotgames.com' ([Errno 11001] getaddrinfo failed)"))
2026-09-02 06:13:49,276 [ERROR] Network error on th2 master: HTTPSConnectionPool(host='th2.api.riotgames.com', port=443): Max retries exceeded with url: /tft/league/v1/master (Caused by NameResolutionError("HTTPSConnection(host='th2.api.riotgames.com', port=443): Failed to resolve 'th2.api.riotgames.com' ([Errno 11001] getaddrinfo failed)"))
2026-09-02 06:13:50,858 [INFO] Successfully ingested 1 players for TW2 CHALLENGER.
2026-09-02 06:13:53,334 [INFO] Successfully ingested 10 players for TW2 GRANDMASTER.
2026-09-02 06:13:55,610 [INFO] Successfully ingested 31 players for TW2 MASTER.
2026-09-02 06:13:58,453 [INFO] Successfully ingested 6 players for VN2 CHALLENGER.
2026-09-02 06:14:00,762 [INFO] Successfully ingested 58 players for VN2 GRANDMASTER.
2026-09-02 06:14:03,405 [INFO] Successfully ingested 277 players for VN2 MASTER.
2026-09-02 06:14:04,606 [INFO] Ingestion complete. Total records stored: 839
2026-09-02 06:14:04,612 [INFO] Purge complete. Removed 0 records older than 2026-08-28.
2026-09-03 10:56:21,615 [INFO] Starting daily ingestion pipeline for date: 2026-09-03
2026-09-03 10:56:22,259 [ERROR] API Error 401 on na1 challenger: {"status":{"message":"Unknown apikey","status_code":401}}
2026-09-03 10:56:22,829 [ERROR] API Error 401 on na1 grandmaster: {"status":{"message":"Unknown apikey","status_code":401}}
2026-09-03 10:56:23,814 [ERROR] API Error 401 on na1 master: {"status":{"message":"Unknown apikey","status_code":401}}
2026-09-03 10:56:24,812 [ERROR] API Error 401 on euw1 challenger: {"status":{"message":"Unknown apikey","status_code":401}}
2026-09-03 10:56:25,659 [ERROR] API Error 401 on euw1 grandmaster: {"status":{"message":"Unknown apikey","status_code":401}}
2026-09-03 10:56:26,465 [ERROR] API Error 401 on euw1 master: {"status":{"message":"Unknown apikey","status_code":401}}
2026-09-03 10:56:28,001 [ERROR] API Error 401 on kr challenger: {"status":{"message":"Unknown apikey","status_code":401}}
2026-09-03 10:56:29,491 [ERROR] API Error 401 on kr grandmaster: {"status":{"message":"Unknown apikey","status_code":401}}
2026-09-03 10:56:30,694 [ERROR] API Error 401 on kr master: {"status":{"message":"Unknown apikey","status_code":401}}
2026-09-03 10:56:31,584 [ERROR] API Error 401 on eun1 challenger: {"status":{"message":"Unknown apikey","status_code":401}}
2026-09-03 10:56:32,382 [ERROR] API Error 401 on eun1 grandmaster: {"status":{"message":"Unknown apikey","status_code":401}}
2026-09-03 10:56:33,288 [ERROR] API Error 401 on eun1 master: {"status":{"message":"Unknown apikey","status_code":401}}
2026-09-03 10:56:34,266 [ERROR] API Error 401 on br1 challenger: {"status":{"message":"Unknown apikey","status_code":401}}
2026-09-03 10:56:34,835 [ERROR] API Error 401 on br1 grandmaster: {"status":{"message":"Unknown apikey","status_code":401}}
2026-09-03 10:56:35,391 [ERROR] API Error 401 on br1 master: {"status":{"message":"Unknown apikey","status_code":401}}
2026-09-03 10:56:36,605 [ERROR] API Error 401 on jp1 challenger: {"status":{"message":"Unknown apikey","status_code":401}}
2026-09-03 10:56:37,910 [ERROR] API Error 401 on jp1 grandmaster: {"status":{"message":"Unknown apikey","status_code":401}}
2026-09-03 10:56:39,127 [ERROR] API Error 401 on jp1 master: {"status":{"message":"Unknown apikey","status_code":401}}
2026-09-03 10:56:39,143 [ERROR] Network error on vn1 challenger: HTTPSConnectionPool(host='vn1.api.riotgames.com', port=443): Max retries exceeded with url: /tft/league/v1/challenger (Caused by NameResolutionError("HTTPSConnection(host='vn1.api.riotgames.com', port=443): Failed to resolve 'vn1.api.riotgames.com' ([Errno 11001] getaddrinfo failed)"))
2026-09-03 10:56:39,145 [ERROR] Network error on vn1 grandmaster: HTTPSConnectionPool(host='vn1.api.riotgames.com', port=443): Max retries exceeded with url: /tft/league/v1/grandmaster (Caused by NameResolutionError("HTTPSConnection(host='vn1.api.riotgames.com', port=443): Failed to resolve 'vn1.api.riotgames.com' ([Errno 11001] getaddrinfo failed)"))
2026-09-03 10:56:39,146 [ERROR] Network error on vn1 master: HTTPSConnectionPool(host='vn1.api.riotgames.com', port=443): Max retries exceeded with url: /tft/league/v1/master (Caused by NameResolutionError("HTTPSConnection(host='vn1.api.riotgames.com', port=443): Failed to resolve 'vn1.api.riotgames.com' ([Errno 11001] getaddrinfo failed)"))
2026-09-03 10:56:39,163 [ERROR] Network error on ph2 challenger: HTTPSConnectionPool(host='ph2.api.riotgames.com', port=443): Max retries exceeded with url: /tft/league/v1/challenger (Caused by NameResolutionError("HTTPSConnection(host='ph2.api.riotgames.com', port=443): Failed to resolve 'ph2.api.riotgames.com' ([Errno 11001] getaddrinfo failed)"))
2026-09-03 10:56:39,165 [ERROR] Network error on ph2 grandmaster: HTTPSConnectionPool(host='ph2.api.riotgames.com', port=443): Max retries exceeded with url: /tft/league/v1/grandmaster (Caused by NameResolutionError("HTTPSConnection(host='ph2.api.riotgames.com', port=443): Failed to resolve 'ph2.api.riotgames.com' ([Errno 11001] getaddrinfo failed)"))
2026-09-03 10:56:39,166 [ERROR] Network error on ph2 master: HTTPSConnectionPool(host='ph2.api.riotgames.com', port=443): Max retries exceeded with url: /tft/league/v1/master (Caused by NameResolutionError("HTTPSConnection(host='ph2.api.riotgames.com', port=443): Failed to resolve 'ph2.api.riotgames.com' ([Errno 11001] getaddrinfo failed)"))
2026-09-03 10:56:40,385 [ERROR] API Error 401 on sg2 challenger: {"status":{"message":"Unknown apikey","status_code":401}}
2026-09-03 10:56:41,590 [ERROR] API Error 401 on sg2 grandmaster: {"status":{"message":"Unknown apikey","status_code":401}}
2026-09-03 10:56:42,210 [ERROR] API Error 401 on sg2 master: {"status":{"message":"Unknown apikey","status_code":401}}
2026-09-03 10:56:42,224 [ERROR] Network error on th2 challenger: HTTPSConnectionPool(host='th2.api.riotgames.com', port=443): Max retries exceeded with url: /tft/league/v1/challenger (Caused by NameResolutionError("HTTPSConnection(host='th2.api.riotgames.com', port=443): Failed to resolve 'th2.api.riotgames.com' ([Errno 11001] getaddrinfo failed)"))
2026-09-03 10:56:42,225 [ERROR] Network error on th2 grandmaster: HTTPSConnectionPool(host='th2.api.riotgames.com', port=443): Max retries exceeded with url: /tft/league/v1/grandmaster (Caused by NameResolutionError("HTTPSConnection(host='th2.api.riotgames.com', port=443): Failed to resolve 'th2.api.riotgames.com' ([Errno 11001] getaddrinfo failed)"))
2026-09-03 10:56:42,227 [ERROR] Network error on th2 master: HTTPSConnectionPool(host='th2.api.riotgames.com', port=443): Max retries exceeded with url: /tft/league/v1/master (Caused by NameResolutionError("HTTPSConnection(host='th2.api.riotgames.com', port=443): Failed to resolve 'th2.api.riotgames.com' ([Errno 11001] getaddrinfo failed)"))
2026-09-03 10:56:43,443 [ERROR] API Error 401 on tw2 challenger: {"status":{"message":"Unknown apikey","status_code":401}}
2026-09-03 10:56:44,713 [ERROR] API Error 401 on tw2 grandmaster: {"status":{"message":"Unknown apikey","status_code":401}}
2026-09-03 10:56:45,976 [ERROR] API Error 401 on tw2 master: {"status":{"message":"Unknown apikey","status_code":401}}
2026-09-03 10:56:47,252 [ERROR] API Error 401 on vn2 challenger: {"status":{"message":"Unknown apikey","status_code":401}}
2026-09-03 10:56:47,936 [ERROR] API Error 401 on vn2 grandmaster: {"status":{"message":"Unknown apikey","status_code":401}}
2026-09-03 10:56:49,162 [ERROR] API Error 401 on vn2 master: {"status":{"message":"Unknown apikey","status_code":401}}
2026-09-03 10:56:49,164 [INFO] Ingestion complete. Total records stored: 0
2026-09-03 10:56:49,200 [INFO] Purge complete. Removed 0 records older than 2026-08-29.
2026-09-03 10:57:17,935 [INFO] Starting daily ingestion pipeline for date: 2026-09-03
2026-09-03 10:57:18,879 [ERROR] API Error 401 on na1 challenger: {"status":{"message":"Unknown apikey","status_code":401}}
2026-09-03 10:57:19,755 [ERROR] API Error 401 on na1 grandmaster: {"status":{"message":"Unknown apikey","status_code":401}}
2026-09-03 10:57:20,633 [ERROR] API Error 401 on na1 master: {"status":{"message":"Unknown apikey","status_code":401}}
2026-09-03 10:57:21,114 [ERROR] API Error 401 on euw1 challenger: {"status":{"message":"Unknown apikey","status_code":401}}
2026-09-03 10:57:21,635 [ERROR] API Error 401 on euw1 grandmaster: {"status":{"message":"Unknown apikey","status_code":401}}
2026-09-03 10:57:22,417 [ERROR] API Error 401 on euw1 master: {"status":{"message":"Unknown apikey","status_code":401}}
2026-09-03 10:57:23,034 [ERROR] API Error 401 on kr challenger: {"status":{"message":"Unknown apikey","status_code":401}}
2026-09-03 10:57:23,656 [ERROR] API Error 401 on kr grandmaster: {"status":{"message":"Unknown apikey","status_code":401}}
2026-09-03 10:57:24,290 [ERROR] API Error 401 on kr master: {"status":{"message":"Unknown apikey","status_code":401}}
2026-09-03 10:57:25,097 [ERROR] API Error 401 on eun1 challenger: {"status":{"message":"Unknown apikey","status_code":401}}
2026-09-03 10:57:25,650 [ERROR] API Error 401 on eun1 grandmaster: {"status":{"message":"Unknown apikey","status_code":401}}
2026-09-03 10:57:26,199 [ERROR] API Error 401 on eun1 master: {"status":{"message":"Unknown apikey","status_code":401}}
2026-09-03 10:57:26,729 [ERROR] API Error 401 on br1 challenger: {"status":{"message":"Unknown apikey","status_code":401}}
2026-09-03 10:57:27,288 [ERROR] API Error 401 on br1 grandmaster: {"status":{"message":"Unknown apikey","status_code":401}}
2026-09-03 10:57:27,821 [ERROR] API Error 401 on br1 master: {"status":{"message":"Unknown apikey","status_code":401}}
2026-09-03 10:57:29,054 [ERROR] API Error 401 on jp1 challenger: {"status":{"message":"Unknown apikey","status_code":401}}
2026-09-03 10:57:30,412 [ERROR] API Error 401 on jp1 grandmaster: {"status":{"message":"Unknown apikey","status_code":401}}
2026-09-03 10:57:31,018 [ERROR] API Error 401 on jp1 master: {"status":{"message":"Unknown apikey","status_code":401}}
2026-09-03 10:57:31,033 [ERROR] Network error on vn1 challenger: HTTPSConnectionPool(host='vn1.api.riotgames.com', port=443): Max retries exceeded with url: /tft/league/v1/challenger (Caused by NameResolutionError("HTTPSConnection(host='vn1.api.riotgames.com', port=443): Failed to resolve 'vn1.api.riotgames.com' ([Errno 11001] getaddrinfo failed)"))
2026-09-03 10:57:31,035 [ERROR] Network error on vn1 grandmaster: HTTPSConnectionPool(host='vn1.api.riotgames.com', port=443): Max retries exceeded with url: /tft/league/v1/grandmaster (Caused by NameResolutionError("HTTPSConnection(host='vn1.api.riotgames.com', port=443): Failed to resolve 'vn1.api.riotgames.com' ([Errno 11001] getaddrinfo failed)"))
2026-09-03 10:57:31,036 [ERROR] Network error on vn1 master: HTTPSConnectionPool(host='vn1.api.riotgames.com', port=443): Max retries exceeded with url: /tft/league/v1/master (Caused by NameResolutionError("HTTPSConnection(host='vn1.api.riotgames.com', port=443): Failed to resolve 'vn1.api.riotgames.com' ([Errno 11001] getaddrinfo failed)"))
2026-09-03 10:57:31,043 [ERROR] Network error on ph2 challenger: HTTPSConnectionPool(host='ph2.api.riotgames.com', port=443): Max retries exceeded with url: /tft/league/v1/challenger (Caused by NameResolutionError("HTTPSConnection(host='ph2.api.riotgames.com', port=443): Failed to resolve 'ph2.api.riotgames.com' ([Errno 11001] getaddrinfo failed)"))
2026-09-03 10:57:31,045 [ERROR] Network error on ph2 grandmaster: HTTPSConnectionPool(host='ph2.api.riotgames.com', port=443): Max retries exceeded with url: /tft/league/v1/grandmaster (Caused by NameResolutionError("HTTPSConnection(host='ph2.api.riotgames.com', port=443): Failed to resolve 'ph2.api.riotgames.com' ([Errno 11001] getaddrinfo failed)"))
2026-09-03 10:57:31,046 [ERROR] Network error on ph2 master: HTTPSConnectionPool(host='ph2.api.riotgames.com', port=443): Max retries exceeded with url: /tft/league/v1/master (Caused by NameResolutionError("HTTPSConnection(host='ph2.api.riotgames.com', port=443): Failed to resolve 'ph2.api.riotgames.com' ([Errno 11001] getaddrinfo failed)"))
2026-09-03 10:57:31,706 [ERROR] API Error 401 on sg2 challenger: {"status":{"message":"Unknown apikey","status_code":401}}
2026-09-03 10:57:32,893 [ERROR] API Error 401 on sg2 grandmaster: {"status":{"message":"Unknown apikey","status_code":401}}
2026-09-03 10:57:33,534 [ERROR] API Error 401 on sg2 master: {"status":{"message":"Unknown apikey","status_code":401}}
2026-09-03 10:57:33,540 [ERROR] Network error on th2 challenger: HTTPSConnectionPool(host='th2.api.riotgames.com', port=443): Max retries exceeded with url: /tft/league/v1/challenger (Caused by NameResolutionError("HTTPSConnection(host='th2.api.riotgames.com', port=443): Failed to resolve 'th2.api.riotgames.com' ([Errno 11001] getaddrinfo failed)"))
2026-09-03 10:57:33,541 [ERROR] Network error on th2 grandmaster: HTTPSConnectionPool(host='th2.api.riotgames.com', port=443): Max retries exceeded with url: /tft/league/v1/grandmaster (Caused by NameResolutionError("HTTPSConnection(host='th2.api.riotgames.com', port=443): Failed to resolve 'th2.api.riotgames.com' ([Errno 11001] getaddrinfo failed)"))
2026-09-03 10:57:33,543 [ERROR] Network error on th2 master: HTTPSConnectionPool(host='th2.api.riotgames.com', port=443): Max retries exceeded with url: /tft/league/v1/master (Caused by NameResolutionError("HTTPSConnection(host='th2.api.riotgames.com', port=443): Failed to resolve 'th2.api.riotgames.com' ([Errno 11001] getaddrinfo failed)"))
2026-09-03 10:57:34,721 [ERROR] API Error 401 on tw2 challenger: {"status":{"message":"Unknown apikey","status_code":401}}
2026-09-03 10:57:35,361 [ERROR] API Error 401 on tw2 grandmaster: {"status":{"message":"Unknown apikey","status_code":401}}
2026-09-03 10:57:35,987 [ERROR] API Error 401 on tw2 master: {"status":{"message":"Unknown apikey","status_code":401}}
2026-09-03 10:57:36,685 [ERROR] API Error 401 on vn2 challenger: {"status":{"message":"Unknown apikey","status_code":401}}
2026-09-03 10:57:37,378 [ERROR] API Error 401 on vn2 grandmaster: {"status":{"message":"Unknown apikey","status_code":401}}
2026-09-03 10:57:38,591 [ERROR] API Error 401 on vn2 master: {"status":{"message":"Unknown apikey","status_code":401}}
2026-09-03 10:57:38,593 [INFO] Ingestion complete. Total records stored: 0
2026-09-03 10:57:38,594 [INFO] Purge complete. Removed 0 records older than 2026-08-29.
2026-09-03 10:57:54,421 [INFO] Starting daily ingestion pipeline for date: 2026-09-03
2026-09-03 10:57:54,971 [ERROR] API Error 401 on na1 challenger: {"status":{"message":"Unknown apikey","status_code":401}}
2026-09-03 10:57:55,495 [ERROR] API Error 401 on na1 grandmaster: {"status":{"message":"Unknown apikey","status_code":401}}
2026-09-03 10:57:56,032 [ERROR] API Error 401 on na1 master: {"status":{"message":"Unknown apikey","status_code":401}}
2026-09-03 10:57:56,522 [ERROR] API Error 401 on euw1 challenger: {"status":{"message":"Unknown apikey","status_code":401}}
2026-09-03 10:57:57,040 [ERROR] API Error 401 on euw1 grandmaster: {"status":{"message":"Unknown apikey","status_code":401}}
2026-09-03 10:57:57,551 [ERROR] API Error 401 on euw1 master: {"status":{"message":"Unknown apikey","status_code":401}}
2026-09-03 10:57:58,179 [ERROR] API Error 401 on kr challenger: {"status":{"message":"Unknown apikey","status_code":401}}
2026-09-03 10:57:58,769 [ERROR] API Error 401 on kr grandmaster: {"status":{"message":"Unknown apikey","status_code":401}}
2026-09-03 10:57:59,366 [ERROR] API Error 401 on kr master: {"status":{"message":"Unknown apikey","status_code":401}}
2026-09-03 10:58:00,168 [ERROR] API Error 401 on eun1 challenger: {"status":{"message":"Unknown apikey","status_code":401}}
2026-09-03 10:58:00,700 [ERROR] API Error 401 on eun1 grandmaster: {"status":{"message":"Unknown apikey","status_code":401}}
2026-09-03 10:58:01,216 [ERROR] API Error 401 on eun1 master: {"status":{"message":"Unknown apikey","status_code":401}}
2026-09-03 10:58:01,800 [ERROR] API Error 401 on br1 challenger: {"status":{"message":"Unknown apikey","status_code":401}}
2026-09-03 10:58:02,306 [ERROR] API Error 401 on br1 grandmaster: {"status":{"message":"Unknown apikey","status_code":401}}
2026-09-03 10:58:02,837 [ERROR] API Error 401 on br1 master: {"status":{"message":"Unknown apikey","status_code":401}}
2026-09-03 10:58:03,477 [ERROR] API Error 401 on jp1 challenger: {"status":{"message":"Unknown apikey","status_code":401}}
2026-09-03 10:58:04,152 [ERROR] API Error 401 on jp1 grandmaster: {"status":{"message":"Unknown apikey","status_code":401}}
2026-09-03 10:58:04,780 [ERROR] API Error 401 on jp1 master: {"status":{"message":"Unknown apikey","status_code":401}}
2026-09-03 10:58:04,787 [ERROR] Network error on vn1 challenger: HTTPSConnectionPool(host='vn1.api.riotgames.com', port=443): Max retries exceeded with url: /tft/league/v1/challenger (Caused by NameResolutionError("HTTPSConnection(host='vn1.api.riotgames.com', port=443): Failed to resolve 'vn1.api.riotgames.com' ([Errno 11001] getaddrinfo failed)"))
2026-09-03 10:58:04,788 [ERROR] Network error on vn1 grandmaster: HTTPSConnectionPool(host='vn1.api.riotgames.com', port=443): Max retries exceeded with url: /tft/league/v1/grandmaster (Caused by NameResolutionError("HTTPSConnection(host='vn1.api.riotgames.com', port=443): Failed to resolve 'vn1.api.riotgames.com' ([Errno 11001] getaddrinfo failed)"))
2026-09-03 10:58:04,789 [ERROR] Network error on vn1 master: HTTPSConnectionPool(host='vn1.api.riotgames.com', port=443): Max retries exceeded with url: /tft/league/v1/master (Caused by NameResolutionError("HTTPSConnection(host='vn1.api.riotgames.com', port=443): Failed to resolve 'vn1.api.riotgames.com' ([Errno 11001] getaddrinfo failed)"))
2026-09-03 10:58:04,802 [ERROR] Network error on ph2 challenger: HTTPSConnectionPool(host='ph2.api.riotgames.com', port=443): Max retries exceeded with url: /tft/league/v1/challenger (Caused by NameResolutionError("HTTPSConnection(host='ph2.api.riotgames.com', port=443): Failed to resolve 'ph2.api.riotgames.com' ([Errno 11001] getaddrinfo failed)"))
2026-09-03 10:58:04,804 [ERROR] Network error on ph2 grandmaster: HTTPSConnectionPool(host='ph2.api.riotgames.com', port=443): Max retries exceeded with url: /tft/league/v1/grandmaster (Caused by NameResolutionError("HTTPSConnection(host='ph2.api.riotgames.com', port=443): Failed to resolve 'ph2.api.riotgames.com' ([Errno 11001] getaddrinfo failed)"))
2026-09-03 10:58:04,806 [ERROR] Network error on ph2 master: HTTPSConnectionPool(host='ph2.api.riotgames.com', port=443): Max retries exceeded with url: /tft/league/v1/master (Caused by NameResolutionError("HTTPSConnection(host='ph2.api.riotgames.com', port=443): Failed to resolve 'ph2.api.riotgames.com' ([Errno 11001] getaddrinfo failed)"))
2026-09-03 10:58:05,467 [ERROR] API Error 401 on sg2 challenger: {"status":{"message":"Unknown apikey","status_code":401}}
2026-09-03 10:58:06,088 [ERROR] API Error 401 on sg2 grandmaster: {"status":{"message":"Unknown apikey","status_code":401}}
2026-09-03 10:58:07,228 [ERROR] API Error 401 on sg2 master: {"status":{"message":"Unknown apikey","status_code":401}}
2026-09-03 10:58:07,236 [ERROR] Network error on th2 challenger: HTTPSConnectionPool(host='th2.api.riotgames.com', port=443): Max retries exceeded with url: /tft/league/v1/challenger (Caused by NameResolutionError("HTTPSConnection(host='th2.api.riotgames.com', port=443): Failed to resolve 'th2.api.riotgames.com' ([Errno 11001] getaddrinfo failed)"))
2026-09-03 10:58:07,237 [ERROR] Network error on th2 grandmaster: HTTPSConnectionPool(host='th2.api.riotgames.com', port=443): Max retries exceeded with url: /tft/league/v1/grandmaster (Caused by NameResolutionError("HTTPSConnection(host='th2.api.riotgames.com', port=443): Failed to resolve 'th2.api.riotgames.com' ([Errno 11001] getaddrinfo failed)"))
2026-09-03 10:58:07,239 [ERROR] Network error on th2 master: HTTPSConnectionPool(host='th2.api.riotgames.com', port=443): Max retries exceeded with url: /tft/league/v1/master (Caused by NameResolutionError("HTTPSConnection(host='th2.api.riotgames.com', port=443): Failed to resolve 'th2.api.riotgames.com' ([Errno 11001] getaddrinfo failed)"))
2026-09-03 10:58:07,906 [ERROR] API Error 401 on tw2 challenger: {"status":{"message":"Unknown apikey","status_code":401}}
2026-09-03 10:58:08,496 [ERROR] API Error 401 on tw2 grandmaster: {"status":{"message":"Unknown apikey","status_code":401}}
2026-09-03 10:58:09,119 [ERROR] API Error 401 on tw2 master: {"status":{"message":"Unknown apikey","status_code":401}}
2026-09-03 10:58:09,758 [ERROR] API Error 401 on vn2 challenger: {"status":{"message":"Unknown apikey","status_code":401}}
2026-09-03 10:58:10,377 [ERROR] API Error 401 on vn2 grandmaster: {"status":{"message":"Unknown apikey","status_code":401}}
2026-09-03 10:58:11,018 [ERROR] API Error 401 on vn2 master: {"status":{"message":"Unknown apikey","status_code":401}}
2026-09-03 10:58:11,020 [INFO] Ingestion complete. Total records stored: 0
2026-09-03 10:58:11,021 [INFO] Purge complete. Removed 0 records older than 2026-08-29.
2026-09-03 10:58:20,677 [INFO] Starting daily ingestion pipeline for date: 2026-09-03
2026-09-03 10:58:21,553 [INFO] Successfully ingested 7 players for NA1 CHALLENGER.
2026-09-03 10:58:23,574 [INFO] Successfully ingested 25 players for NA1 GRANDMASTER.
2026-09-03 10:58:25,570 [INFO] Successfully ingested 92 players for NA1 MASTER.
2026-09-03 10:58:27,496 [INFO] Successfully ingested 6 players for EUW1 CHALLENGER.
2026-09-03 10:58:29,363 [INFO] Successfully ingested 33 players for EUW1 GRANDMASTER.
2026-09-03 10:58:31,789 [INFO] Successfully ingested 139 players for EUW1 MASTER.
2026-09-03 10:58:33,823 [INFO] Successfully ingested 9 players for KR CHALLENGER.
2026-09-03 10:58:35,866 [INFO] Successfully ingested 40 players for KR GRANDMASTER.
2026-09-03 10:58:37,966 [INFO] Successfully ingested 160 players for KR MASTER.
2026-09-03 10:58:39,867 [INFO] Successfully ingested 3 players for EUN1 CHALLENGER.
2026-09-03 10:58:41,826 [INFO] Successfully ingested 5 players for EUN1 GRANDMASTER.
2026-09-03 10:58:43,835 [INFO] Successfully ingested 21 players for EUN1 MASTER.
2026-09-03 10:58:45,895 [INFO] Successfully ingested 6 players for BR1 CHALLENGER.
2026-09-03 10:58:47,863 [INFO] Successfully ingested 6 players for BR1 GRANDMASTER.
2026-09-03 10:58:49,913 [INFO] Successfully ingested 23 players for BR1 MASTER.
2026-09-03 10:58:51,930 [INFO] Successfully ingested 2 players for JP1 CHALLENGER.
2026-09-03 10:58:54,040 [INFO] Successfully ingested 13 players for JP1 GRANDMASTER.
2026-09-03 10:58:56,132 [INFO] Successfully ingested 43 players for JP1 MASTER.
2026-09-03 10:58:57,339 [ERROR] Network error on vn1 challenger: HTTPSConnectionPool(host='vn1.api.riotgames.com', port=443): Max retries exceeded with url: /tft/league/v1/challenger (Caused by NameResolutionError("HTTPSConnection(host='vn1.api.riotgames.com', port=443): Failed to resolve 'vn1.api.riotgames.com' ([Errno 11001] getaddrinfo failed)"))
2026-09-03 10:58:57,341 [ERROR] Network error on vn1 grandmaster: HTTPSConnectionPool(host='vn1.api.riotgames.com', port=443): Max retries exceeded with url: /tft/league/v1/grandmaster (Caused by NameResolutionError("HTTPSConnection(host='vn1.api.riotgames.com', port=443): Failed to resolve 'vn1.api.riotgames.com' ([Errno 11001] getaddrinfo failed)"))
2026-09-03 10:58:57,342 [ERROR] Network error on vn1 master: HTTPSConnectionPool(host='vn1.api.riotgames.com', port=443): Max retries exceeded with url: /tft/league/v1/master (Caused by NameResolutionError("HTTPSConnection(host='vn1.api.riotgames.com', port=443): Failed to resolve 'vn1.api.riotgames.com' ([Errno 11001] getaddrinfo failed)"))
2026-09-03 10:58:57,348 [ERROR] Network error on ph2 challenger: HTTPSConnectionPool(host='ph2.api.riotgames.com', port=443): Max retries exceeded with url: /tft/league/v1/challenger (Caused by NameResolutionError("HTTPSConnection(host='ph2.api.riotgames.com', port=443): Failed to resolve 'ph2.api.riotgames.com' ([Errno 11001] getaddrinfo failed)"))
2026-09-03 10:58:57,349 [ERROR] Network error on ph2 grandmaster: HTTPSConnectionPool(host='ph2.api.riotgames.com', port=443): Max retries exceeded with url: /tft/league/v1/grandmaster (Caused by NameResolutionError("HTTPSConnection(host='ph2.api.riotgames.com', port=443): Failed to resolve 'ph2.api.riotgames.com' ([Errno 11001] getaddrinfo failed)"))
2026-09-03 10:58:57,351 [ERROR] Network error on ph2 master: HTTPSConnectionPool(host='ph2.api.riotgames.com', port=443): Max retries exceeded with url: /tft/league/v1/master (Caused by NameResolutionError("HTTPSConnection(host='ph2.api.riotgames.com', port=443): Failed to resolve 'ph2.api.riotgames.com' ([Errno 11001] getaddrinfo failed)"))
2026-09-03 10:58:58,241 [INFO] Successfully ingested 2 players for SG2 CHALLENGER.
2026-09-03 10:59:00,384 [INFO] Successfully ingested 13 players for SG2 GRANDMASTER.
2026-09-03 10:59:03,352 [INFO] Successfully ingested 57 players for SG2 MASTER.
2026-09-03 10:59:04,559 [ERROR] Network error on th2 challenger: HTTPSConnectionPool(host='th2.api.riotgames.com', port=443): Max retries exceeded with url: /tft/league/v1/challenger (Caused by NameResolutionError("HTTPSConnection(host='th2.api.riotgames.com', port=443): Failed to resolve 'th2.api.riotgames.com' ([Errno 11001] getaddrinfo failed)"))
2026-09-03 10:59:04,561 [ERROR] Network error on th2 grandmaster: HTTPSConnectionPool(host='th2.api.riotgames.com', port=443): Max retries exceeded with url: /tft/league/v1/grandmaster (Caused by NameResolutionError("HTTPSConnection(host='th2.api.riotgames.com', port=443): Failed to resolve 'th2.api.riotgames.com' ([Errno 11001] getaddrinfo failed)"))
2026-09-03 10:59:04,562 [ERROR] Network error on th2 master: HTTPSConnectionPool(host='th2.api.riotgames.com', port=443): Max retries exceeded with url: /tft/league/v1/master (Caused by NameResolutionError("HTTPSConnection(host='th2.api.riotgames.com', port=443): Failed to resolve 'th2.api.riotgames.com' ([Errno 11001] getaddrinfo failed)"))
2026-09-03 10:59:06,265 [INFO] Successfully ingested 2 players for TW2 CHALLENGER.
2026-09-03 10:59:08,503 [INFO] Successfully ingested 13 players for TW2 GRANDMASTER.
2026-09-03 10:59:10,563 [INFO] Successfully ingested 48 players for TW2 MASTER.
2026-09-03 10:59:12,672 [INFO] Successfully ingested 17 players for VN2 CHALLENGER.
2026-09-03 10:59:14,756 [INFO] Successfully ingested 87 players for VN2 GRANDMASTER.
2026-09-03 10:59:17,802 [INFO] Successfully ingested 420 players for VN2 MASTER.
2026-09-03 10:59:19,003 [INFO] Ingestion complete. Total records stored: 1292
2026-09-03 10:59:19,005 [INFO] Purge complete. Removed 0 records older than 2026-08-29.
2026-09-03 12:07:27,990 [INFO] Initial run. Window defaulting to past 24h: 1788361647 -> 1788448047
2026-09-03 12:07:29,148 [ERROR] HTTP 403: Riot API Key is invalid or expired.
2026-09-03 12:07:30,152 [INFO] Loaded 7 players for NA1 CHALLENGER.
2026-09-03 12:07:31,918 [INFO] Loaded 25 players for NA1 GRANDMASTER.
2026-09-03 12:07:34,093 [INFO] Loaded 94 players for NA1 MASTER.
2026-09-03 12:07:36,175 [ERROR] HTTP 403: Riot API Key is invalid or expired.
2026-09-03 12:07:36,678 [INFO] Loaded 6 players for EUW1 CHALLENGER.
2026-09-03 12:07:38,786 [INFO] Loaded 33 players for EUW1 GRANDMASTER.
2026-09-03 12:07:40,876 [INFO] Loaded 144 players for EUW1 MASTER.
2026-09-03 12:07:43,295 [ERROR] HTTP 403: Riot API Key is invalid or expired.
2026-09-03 12:07:44,077 [INFO] Loaded 23 players for KR CHALLENGER.
2026-09-03 12:07:45,938 [INFO] Loaded 38 players for KR GRANDMASTER.
2026-09-03 12:07:47,819 [INFO] Loaded 154 players for KR MASTER.
2026-09-03 12:07:49,880 [ERROR] HTTP 403: Riot API Key is invalid or expired.
2026-09-03 12:07:50,672 [INFO] Loaded 3 players for EUN1 CHALLENGER.
2026-09-03 12:07:52,367 [INFO] Loaded 5 players for EUN1 GRANDMASTER.
2026-09-03 12:07:54,125 [INFO] Loaded 21 players for EUN1 MASTER.
2026-09-03 12:07:55,869 [ERROR] HTTP 403: Riot API Key is invalid or expired.
2026-09-03 12:07:56,438 [INFO] Loaded 6 players for BR1 CHALLENGER.
2026-09-03 12:07:58,252 [INFO] Loaded 6 players for BR1 GRANDMASTER.
2026-09-03 12:08:00,010 [INFO] Loaded 24 players for BR1 MASTER.
2026-09-03 12:08:01,838 [ERROR] HTTP 403: Riot API Key is invalid or expired.
2026-09-03 12:08:03,054 [INFO] Loaded 5 players for JP1 CHALLENGER.
2026-09-03 12:08:04,880 [INFO] Loaded 16 players for JP1 GRANDMASTER.
2026-09-03 12:08:06,723 [INFO] Loaded 37 players for JP1 MASTER.
2026-09-03 12:08:08,097 [INFO] Successfully recorded 647 snapshots for Run ID 1.
2026-09-03 13:01:31,985 [INFO] Previous run detected (ID: 1). Window: 1788448047 -> 1788451291
2026-09-03 13:01:33,303 [INFO] Loaded 7 players for NA1 CHALLENGER.
2026-09-03 13:01:35,491 [INFO] Loaded 25 players for NA1 GRANDMASTER.
2026-09-03 13:01:37,912 [INFO] Loaded 97 players for NA1 MASTER.
2026-09-03 13:01:40,084 [INFO] Loaded 6 players for EUW1 CHALLENGER.
2026-09-03 13:01:42,299 [INFO] Loaded 33 players for EUW1 GRANDMASTER.
2026-09-03 13:01:44,557 [INFO] Loaded 149 players for EUW1 MASTER.
2026-09-03 13:01:46,736 [INFO] Loaded 23 players for KR CHALLENGER.
2026-09-03 13:01:48,790 [INFO] Loaded 38 players for KR GRANDMASTER.
2026-09-03 13:01:51,030 [INFO] Loaded 159 players for KR MASTER.
2026-09-03 13:01:53,236 [INFO] Loaded 3 players for EUN1 CHALLENGER.
2026-09-03 13:01:55,479 [INFO] Loaded 5 players for EUN1 GRANDMASTER.
2026-09-03 13:01:57,424 [INFO] Loaded 23 players for EUN1 MASTER.
2026-09-03 13:01:59,641 [INFO] Loaded 6 players for BR1 CHALLENGER.
2026-09-03 13:02:01,790 [INFO] Loaded 6 players for BR1 GRANDMASTER.
2026-09-03 13:02:03,872 [INFO] Loaded 25 players for BR1 MASTER.
2026-09-03 13:02:06,228 [INFO] Loaded 5 players for JP1 CHALLENGER.
2026-09-03 13:02:08,281 [INFO] Loaded 16 players for JP1 GRANDMASTER.
2026-09-03 13:02:10,562 [INFO] Loaded 38 players for JP1 MASTER.
2026-09-03 13:02:12,007 [INFO] Successfully recorded 664 snapshots for Run ID 2.
2026-09-03 13:02:12,010 [INFO] Starting Top 1 enrichment for 200 top performers...
2026-09-03 13:02:39,739 [INFO] Enriched 10/200 candidates. Latest: ViggoZe#EUW (Top 1s: 1)
2026-09-03 13:03:19,950 [INFO] Enriched 30/200 candidates. Latest: rety#0530 (Top 1s: 1)
2026-09-03 13:04:09,608 [INFO] Enriched 60/200 candidates. Latest: ich bin bin#kr3 (Top 1s: 0)
2026-09-03 13:04:23,900 [INFO] Enriched 70/200 candidates. Latest: A M#KR1 (Top 1s: 0)
2026-09-03 13:05:20,644 [INFO] Enriched 110/200 candidates. Latest: tarakoman#0120 (Top 1s: 0)
2026-09-03 13:05:33,624 [INFO] Enriched 120/200 candidates. Latest: ReReReRoll#KR1 (Top 1s: 0)
2026-09-03 13:05:45,487 [INFO] Enriched 130/200 candidates. Latest: pitzy#2676 (Top 1s: 0)
2026-09-03 13:05:55,936 [INFO] Enriched 140/200 candidates. Latest: Stily#KR1 (Top 1s: 0)
2026-09-03 13:06:07,980 [INFO] Enriched 150/200 candidates. Latest: Potata#JP1 (Top 1s: 0)
2026-09-03 13:06:24,069 [INFO] Enriched 160/200 candidates. Latest: MilkYippie#9840 (Top 1s: 0)
2026-09-03 13:06:36,508 [INFO] Enriched 170/200 candidates. Latest: Mimosa 7#JP1 (Top 1s: 0)
2026-09-03 13:06:51,513 [INFO] Enriched 180/200 candidates. Latest: kuran0827#JP1 (Top 1s: 1)
2026-09-03 13:07:03,671 [INFO] Enriched 190/200 candidates. Latest: NLV Petikk#LOVEC (Top 1s: 0)
2026-09-03 13:07:14,548 [INFO] Enriched 200/200 candidates. Latest: polo#tft (Top 1s: 0)
2026-09-03 19:38:49,375 [INFO] Previous run detected (ID: 2). Window: 1788451291 -> 1788475129
2026-09-03 19:38:49,495 [INFO] Loaded 0 known player identities from local cache.
2026-09-03 19:38:50,555 [INFO] Loaded 7 players for NA1 CHALLENGER.
2026-09-03 19:38:52,317 [INFO] Loaded 25 players for NA1 GRANDMASTER.
2026-09-03 19:38:54,477 [INFO] Loaded 109 players for NA1 MASTER.
2026-09-03 19:38:56,687 [INFO] Loaded 6 players for EUW1 CHALLENGER.
2026-09-03 19:38:58,749 [INFO] Loaded 33 players for EUW1 GRANDMASTER.
2026-09-03 19:39:00,829 [INFO] Loaded 174 players for EUW1 MASTER.
2026-09-03 19:39:03,291 [INFO] Loaded 23 players for KR CHALLENGER.
2026-09-03 19:39:05,122 [INFO] Loaded 38 players for KR GRANDMASTER.
2026-09-03 19:39:07,543 [INFO] Loaded 177 players for KR MASTER.
2026-09-03 19:39:09,570 [INFO] Loaded 3 players for EUN1 CHALLENGER.
2026-09-03 19:39:11,566 [INFO] Loaded 6 players for EUN1 GRANDMASTER.
2026-09-03 19:39:13,598 [INFO] Loaded 29 players for EUN1 MASTER.
2026-09-03 19:39:15,363 [INFO] Loaded 6 players for BR1 CHALLENGER.
2026-09-03 19:39:17,108 [INFO] Loaded 6 players for BR1 GRANDMASTER.
2026-09-03 19:39:18,871 [INFO] Loaded 30 players for BR1 MASTER.
2026-09-03 19:39:21,270 [INFO] Loaded 5 players for JP1 CHALLENGER.
2026-09-03 19:39:23,682 [INFO] Loaded 16 players for JP1 GRANDMASTER.
2026-09-03 19:39:26,113 [INFO] Loaded 43 players for JP1 MASTER.
2026-09-03 19:39:27,663 [INFO] Successfully recorded 736 snapshots for Run ID 3.
2026-09-03 19:39:27,665 [INFO] Starting Top 1 enrichment for 100 top performers...
2026-09-03 19:40:23,080 [INFO] Enriched 10/100 candidates. Harvested 315 lobby names so far.
2026-09-03 19:41:07,798 [INFO] Enriched 20/100 candidates. Harvested 511 lobby names so far.
2026-09-03 19:41:54,216 [INFO] Enriched 30/100 candidates. Harvested 683 lobby names so far.
2026-09-03 19:42:26,471 [INFO] Enriched 40/100 candidates. Harvested 761 lobby names so far.
2026-09-03 19:43:02,685 [INFO] Enriched 50/100 candidates. Harvested 843 lobby names so far.
2026-09-03 19:43:23,893 [INFO] Enriched 60/100 candidates. Harvested 875 lobby names so far.
2026-09-03 19:43:48,561 [INFO] Enriched 70/100 candidates. Harvested 909 lobby names so far.
2026-09-03 19:44:10,887 [INFO] Enriched 80/100 candidates. Harvested 940 lobby names so far.
2026-09-03 19:44:37,364 [INFO] Enriched 90/100 candidates. Harvested 993 lobby names so far.
2026-09-03 19:44:58,314 [INFO] Enriched 100/100 candidates. Harvested 1031 lobby names so far.
2026-09-03 19:44:58,447 [INFO] Resolving names directly for 164 active climbers without names...
2026-09-03 19:46:40,613 [INFO] Successfully resolved and cached 164 additional player names.
2026-09-04 05:09:20,595 [INFO] Previous run detected (ID: 3). Window: 1788475129 -> 1788509360
2026-09-04 05:09:20,701 [INFO] Loaded 1046 known player identities from local cache.
2026-09-04 05:09:21,638 [INFO] Loaded 7 players for NA1 CHALLENGER.
2026-09-04 05:09:23,376 [INFO] Loaded 41 players for NA1 GRANDMASTER.
2026-09-04 05:09:25,111 [INFO] Loaded 115 players for NA1 MASTER.
2026-09-04 05:09:27,365 [INFO] Loaded 6 players for EUW1 CHALLENGER.
2026-09-04 05:09:29,122 [INFO] Loaded 54 players for EUW1 GRANDMASTER.
2026-09-04 05:09:31,103 [INFO] Loaded 172 players for EUW1 MASTER.
2026-09-04 05:09:33,491 [INFO] Loaded 23 players for KR CHALLENGER.
2026-09-04 05:09:35,299 [INFO] Loaded 38 players for KR GRANDMASTER.
2026-09-04 05:09:37,448 [INFO] Loaded 202 players for KR MASTER.
2026-09-04 05:09:39,616 [INFO] Loaded 3 players for EUN1 CHALLENGER.
2026-09-04 05:09:41,726 [INFO] Loaded 6 players for EUN1 GRANDMASTER.
2026-09-04 05:09:43,548 [INFO] Loaded 30 players for EUN1 MASTER.
2026-09-04 05:09:45,287 [INFO] Loaded 7 players for BR1 CHALLENGER.
2026-09-04 05:09:47,416 [INFO] Loaded 7 players for BR1 GRANDMASTER.
2026-09-04 05:09:49,142 [INFO] Loaded 33 players for BR1 MASTER.
2026-09-04 05:09:51,563 [INFO] Loaded 5 players for JP1 CHALLENGER.
2026-09-04 05:09:53,381 [INFO] Loaded 16 players for JP1 GRANDMASTER.
2026-09-04 05:09:55,224 [INFO] Loaded 53 players for JP1 MASTER.
2026-09-04 05:09:56,826 [INFO] Successfully recorded 818 snapshots for Run ID 4.
2026-09-04 05:09:56,829 [INFO] Starting Top 1 enrichment for 100 top performers...
2026-09-04 05:10:56,562 [INFO] Enriched 10/100 candidates. Harvested 343 lobby names so far.
2026-09-04 05:11:53,276 [INFO] Enriched 20/100 candidates. Harvested 572 lobby names so far.
2026-09-04 05:12:02,500 [WARNING] Rate limited (429). Sleeping for 5s...
2026-09-04 05:12:39,544 [INFO] Enriched 30/100 candidates. Harvested 702 lobby names so far.
2026-09-04 05:13:17,026 [INFO] Enriched 40/100 candidates. Harvested 828 lobby names so far.
2026-09-04 05:13:52,707 [INFO] Enriched 50/100 candidates. Harvested 919 lobby names so far.
2026-09-04 05:14:26,812 [INFO] Enriched 60/100 candidates. Harvested 1022 lobby names so far.
2026-09-04 05:14:51,781 [INFO] Enriched 70/100 candidates. Harvested 1093 lobby names so far.
2026-09-04 05:15:10,729 [INFO] Enriched 80/100 candidates. Harvested 1140 lobby names so far.
2026-09-04 05:15:35,689 [INFO] Enriched 90/100 candidates. Harvested 1207 lobby names so far.
2026-09-04 05:16:02,041 [INFO] Enriched 100/100 candidates. Harvested 1265 lobby names so far.
2026-09-04 05:16:02,285 [INFO] Resolving names directly for 83 active climbers without names...
2026-09-04 05:16:55,272 [INFO] Successfully resolved and cached 83 additional player names.
2026-09-05 13:02:14,861 [INFO] Previous run detected (ID: 6). Window: 1788623848 -> 1788624134
2026-09-05 13:02:14,974 [INFO] Loaded 1784 known player identities from local cache.
2026-09-05 13:02:15,806 [INFO] Loaded 11 players for NA1 CHALLENGER.
2026-09-05 13:02:18,197 [INFO] Loaded 44 players for NA1 GRANDMASTER.
2026-09-05 13:02:20,103 [INFO] Loaded 174 players for NA1 MASTER.
2026-09-05 13:02:22,286 [INFO] Loaded 13 players for EUW1 CHALLENGER.
2026-09-05 13:02:24,154 [INFO] Loaded 64 players for EUW1 GRANDMASTER.
2026-09-05 13:02:26,235 [INFO] Loaded 241 players for EUW1 MASTER.
2026-09-05 13:02:28,857 [INFO] Loaded 31 players for KR CHALLENGER.
2026-09-05 13:02:31,781 [INFO] Loaded 82 players for KR GRANDMASTER.
2026-09-05 13:02:34,430 [INFO] Loaded 274 players for KR MASTER.
2026-09-05 13:02:36,689 [INFO] Loaded 4 players for EUN1 CHALLENGER.
2026-09-05 13:02:39,243 [INFO] Loaded 9 players for EUN1 GRANDMASTER.
2026-09-05 13:02:41,267 [INFO] Loaded 41 players for EUN1 MASTER.
2026-09-05 13:02:43,248 [INFO] Loaded 9 players for BR1 CHALLENGER.
2026-09-05 13:02:45,373 [INFO] Loaded 12 players for BR1 GRANDMASTER.
2026-09-05 13:02:47,634 [INFO] Loaded 43 players for BR1 MASTER.
2026-09-05 13:02:50,173 [INFO] Loaded 7 players for JP1 CHALLENGER.
2026-09-05 13:02:52,247 [INFO] Loaded 31 players for JP1 GRANDMASTER.
2026-09-05 13:02:54,351 [INFO] Loaded 69 players for JP1 MASTER.
2026-09-05 13:02:56,438 [INFO] Successfully recorded 1159 snapshots for Run ID 7.
2026-09-05 13:02:56,441 [INFO] Starting Top 1 enrichment for 46 top performers...
2026-09-05 13:03:12,924 [INFO] Enriched 10/46 candidates. Harvested 40 lobby names so far.
2026-09-05 13:03:48,605 [INFO] Enriched 46/46 candidates. Harvested 64 lobby names so far.
2026-09-05 13:03:48,999 [INFO] Resolving names directly for 4 active climbers without names...
2026-09-05 13:03:52,448 [INFO] Successfully resolved and cached 4 additional player names.
2026-09-05 14:30:54,159 [INFO] Previous run detected (ID: 4). Window: 1788509360 -> 1788629454
2026-09-05 14:30:54,328 [INFO] Loaded 1797 known player identities from local cache.
2026-09-05 14:30:55,535 [INFO] Loaded 11 players for NA1 CHALLENGER.
2026-09-05 14:30:57,703 [INFO] Loaded 44 players for NA1 GRANDMASTER.
2026-09-05 14:30:59,759 [INFO] Loaded 174 players for NA1 MASTER.
2026-09-05 14:31:02,024 [INFO] Loaded 13 players for EUW1 CHALLENGER.
2026-09-05 14:31:03,785 [INFO] Loaded 64 players for EUW1 GRANDMASTER.
2026-09-05 14:31:05,732 [INFO] Loaded 251 players for EUW1 MASTER.
2026-09-05 14:31:08,175 [INFO] Loaded 31 players for KR CHALLENGER.
2026-09-05 14:31:10,670 [INFO] Loaded 82 players for KR GRANDMASTER.
2026-09-05 14:31:12,929 [INFO] Loaded 281 players for KR MASTER.
2026-09-05 14:31:15,159 [INFO] Loaded 4 players for EUN1 CHALLENGER.
2026-09-05 14:31:17,185 [INFO] Loaded 9 players for EUN1 GRANDMASTER.
2026-09-05 14:31:18,942 [INFO] Loaded 41 players for EUN1 MASTER.
2026-09-05 14:31:20,753 [INFO] Loaded 9 players for BR1 CHALLENGER.
2026-09-05 14:31:22,949 [INFO] Loaded 12 players for BR1 GRANDMASTER.
2026-09-05 14:31:24,733 [INFO] Loaded 44 players for BR1 MASTER.
2026-09-05 14:31:27,210 [INFO] Loaded 7 players for JP1 CHALLENGER.
2026-09-05 14:31:29,102 [INFO] Loaded 31 players for JP1 GRANDMASTER.
2026-09-05 14:31:31,584 [INFO] Loaded 70 players for JP1 MASTER.
2026-09-05 14:31:33,234 [INFO] Successfully recorded 1178 snapshots for Run ID 8.
2026-09-05 14:31:33,238 [INFO] Starting Top 1 enrichment for 200 top performers...
2026-09-05 14:33:49,609 [INFO] Enriched 10/200 candidates. Harvested 597 lobby names so far.
2026-09-05 14:35:50,172 [INFO] Enriched 20/200 candidates. Harvested 945 lobby names so far.
2026-09-05 14:37:37,133 [INFO] Enriched 30/200 candidates. Harvested 1199 lobby names so far.
2026-09-05 14:39:37,362 [INFO] Enriched 40/200 candidates. Harvested 1477 lobby names so far.
2026-09-05 14:41:11,815 [INFO] Enriched 50/200 candidates. Harvested 1623 lobby names so far.
2026-09-05 14:42:52,355 [INFO] Enriched 60/200 candidates. Harvested 1763 lobby names so far.
2026-09-05 14:44:30,736 [INFO] Enriched 70/200 candidates. Harvested 1935 lobby names so far.
2026-09-05 14:45:36,312 [INFO] Enriched 80/200 candidates. Harvested 2029 lobby names so far.
2026-09-05 14:47:06,447 [INFO] Enriched 90/200 candidates. Harvested 2094 lobby names so far.
2026-09-05 14:48:35,199 [INFO] Enriched 100/200 candidates. Harvested 2207 lobby names so far.
2026-09-05 14:49:26,137 [INFO] Enriched 110/200 candidates. Harvested 2258 lobby names so far.
2026-09-05 14:50:22,862 [WARNING] Rate limited (429). Sleeping for 5s...
2026-09-05 14:50:51,269 [INFO] Enriched 120/200 candidates. Harvested 2340 lobby names so far.
2026-09-05 14:52:11,068 [INFO] Enriched 130/200 candidates. Harvested 2411 lobby names so far.
2026-09-05 14:53:17,571 [INFO] Enriched 140/200 candidates. Harvested 2451 lobby names so far.
2026-09-05 14:54:13,292 [INFO] Enriched 150/200 candidates. Harvested 2473 lobby names so far.
2026-09-05 14:55:16,501 [INFO] Enriched 160/200 candidates. Harvested 2485 lobby names so far.
2026-09-05 14:56:08,457 [INFO] Enriched 170/200 candidates. Harvested 2529 lobby names so far.
2026-09-05 14:57:42,760 [INFO] Enriched 180/200 candidates. Harvested 2609 lobby names so far.
2026-09-05 14:59:16,452 [INFO] Enriched 190/200 candidates. Harvested 2674 lobby names so far.
2026-09-05 15:00:25,771 [INFO] Enriched 200/200 candidates. Harvested 2729 lobby names so far.
2026-09-05 15:00:26,408 [INFO] Resolving names directly for 41 active climbers without names...
2026-09-05 15:01:10,441 [INFO] Successfully resolved and cached 41 additional player names.
2026-09-07 18:48:11,520 [INFO] Previous run detected (ID: 8). Window: 1788629454 -> 1788817691
2026-09-07 18:48:13,291 [INFO] Loaded 3129 known player identities from local cache.
2026-09-07 18:48:14,855 [ERROR] API Error 401: {"status":{"message":"Unknown apikey","status_code":401}}
2026-09-07 18:48:15,987 [INFO] Loaded 69 players for NA1 GRANDMASTER.
2026-09-07 18:48:18,269 [INFO] Loaded 309 players for NA1 MASTER.
2026-09-07 18:48:20,573 [INFO] Loaded 36 players for EUW1 CHALLENGER.
2026-09-07 18:48:22,505 [INFO] Loaded 99 players for EUW1 GRANDMASTER.
2026-09-07 18:48:25,256 [INFO] Loaded 380 players for EUW1 MASTER.
2026-09-07 18:48:27,871 [INFO] Loaded 49 players for KR CHALLENGER.
2026-09-07 18:48:29,967 [INFO] Loaded 131 players for KR GRANDMASTER.
2026-09-07 18:48:32,420 [INFO] Loaded 464 players for KR MASTER.
2026-09-07 18:48:34,671 [INFO] Loaded 7 players for EUN1 CHALLENGER.
2026-09-07 18:48:37,142 [INFO] Loaded 23 players for EUN1 GRANDMASTER.
2026-09-07 18:48:39,084 [INFO] Loaded 53 players for EUN1 MASTER.
2026-09-07 18:48:41,081 [INFO] Loaded 12 players for BR1 CHALLENGER.
2026-09-07 18:48:43,015 [INFO] Loaded 15 players for BR1 GRANDMASTER.
2026-09-07 18:48:45,783 [INFO] Loaded 68 players for BR1 MASTER.
2026-09-07 18:48:49,305 [INFO] Loaded 20 players for JP1 CHALLENGER.
2026-09-07 18:48:51,987 [INFO] Loaded 25 players for JP1 GRANDMASTER.
2026-09-07 18:48:54,751 [INFO] Loaded 131 players for JP1 MASTER.
2026-09-07 18:48:56,657 [INFO] Successfully recorded 1891 snapshots for Run ID 9.
2026-09-07 18:48:56,666 [INFO] Starting Top 1 enrichment for 200 top performers...
2026-09-07 18:53:35,144 [INFO] Enriched 10/200 candidates. Harvested 822 lobby names so far.
2026-09-07 18:57:51,128 [WARNING] Rate limited (429). Sleeping for 12s...
2026-09-07 18:58:16,251 [INFO] Enriched 20/200 candidates. Harvested 1164 lobby names so far.
2026-09-07 19:02:11,341 [INFO] Enriched 30/200 candidates. Harvested 1512 lobby names so far.
2026-09-07 19:05:39,398 [INFO] Enriched 40/200 candidates. Harvested 1699 lobby names so far.
2026-09-07 19:09:12,312 [INFO] Enriched 50/200 candidates. Harvested 1868 lobby names so far.
2026-09-07 19:11:51,623 [INFO] Enriched 60/200 candidates. Harvested 2016 lobby names so far.
2026-09-07 19:15:04,689 [INFO] Enriched 70/200 candidates. Harvested 2184 lobby names so far.
2026-09-07 19:17:34,918 [INFO] Enriched 80/200 candidates. Harvested 2297 lobby names so far.
2026-09-07 19:20:18,853 [INFO] Enriched 90/200 candidates. Harvested 2361 lobby names so far.
2026-09-07 19:22:48,995 [INFO] Enriched 100/200 candidates. Harvested 2445 lobby names so far.
2026-09-07 19:24:21,394 [INFO] Enriched 110/200 candidates. Harvested 2559 lobby names so far.
2026-09-07 19:25:59,287 [INFO] Enriched 120/200 candidates. Harvested 2653 lobby names so far.
2026-09-07 19:27:22,036 [INFO] Enriched 130/200 candidates. Harvested 2706 lobby names so far.
2026-09-07 19:28:58,251 [INFO] Enriched 140/200 candidates. Harvested 2748 lobby names so far.
2026-09-07 19:30:38,016 [INFO] Enriched 150/200 candidates. Harvested 2814 lobby names so far.
2026-09-07 19:32:04,338 [INFO] Enriched 160/200 candidates. Harvested 2864 lobby names so far.
2026-09-07 19:34:06,429 [INFO] Enriched 170/200 candidates. Harvested 2941 lobby names so far.
2026-09-07 19:35:48,945 [INFO] Enriched 180/200 candidates. Harvested 2974 lobby names so far.
2026-09-07 19:37:50,579 [INFO] Enriched 190/200 candidates. Harvested 3091 lobby names so far.
2026-09-07 19:39:31,688 [INFO] Enriched 200/200 candidates. Harvested 3150 lobby names so far.
2026-09-07 19:39:32,881 [INFO] Resolving names directly for 9 active climbers without names...
2026-09-07 19:39:42,193 [INFO] Successfully resolved and cached 9 additional player names.
2026-09-07 21:26:11,581 [INFO] Previous run detected (ID: 8). Window: 1788629454 -> 1788827171
2026-09-07 21:26:11,788 [INFO] Loaded 4210 known player identities from local cache.
2026-09-07 21:26:12,815 [INFO] Loaded 21 players for NA1 CHALLENGER.
2026-09-07 21:26:14,626 [INFO] Loaded 69 players for NA1 GRANDMASTER.
2026-09-07 21:26:16,691 [INFO] Loaded 321 players for NA1 MASTER.
2026-09-07 21:26:18,457 [INFO] Loaded 42 players for EUW1 CHALLENGER.
2026-09-07 21:26:20,597 [INFO] Loaded 117 players for EUW1 GRANDMASTER.
2026-09-07 21:26:22,876 [INFO] Loaded 370 players for EUW1 MASTER.
2026-09-07 21:26:25,584 [INFO] Loaded 49 players for KR CHALLENGER.
2026-09-07 21:26:28,048 [INFO] Loaded 131 players for KR GRANDMASTER.
2026-09-07 21:26:30,597 [INFO] Loaded 471 players for KR MASTER.
2026-09-07 21:26:32,628 [INFO] Loaded 10 players for EUN1 CHALLENGER.
2026-09-07 21:26:34,776 [INFO] Loaded 22 players for EUN1 GRANDMASTER.
2026-09-07 21:26:36,821 [INFO] Loaded 54 players for EUN1 MASTER.
2026-09-07 21:26:38,706 [INFO] Loaded 12 players for BR1 CHALLENGER.
2026-09-07 21:26:41,052 [INFO] Loaded 15 players for BR1 GRANDMASTER.
2026-09-07 21:26:42,841 [INFO] Loaded 74 players for BR1 MASTER.
2026-09-07 21:26:45,383 [INFO] Loaded 20 players for JP1 CHALLENGER.
2026-09-07 21:26:48,054 [INFO] Loaded 25 players for JP1 GRANDMASTER.
2026-09-07 21:26:50,644 [INFO] Loaded 132 players for JP1 MASTER.
2026-09-07 21:26:52,519 [INFO] Successfully recorded 1955 snapshots for Run ID 10.
2026-09-07 21:26:52,522 [INFO] Starting Top 1 enrichment for 200 top performers...
2026-09-07 21:30:08,590 [INFO] Enriched 10/200 candidates. Harvested 736 lobby names so far.
2026-09-07 21:33:30,604 [INFO] Enriched 20/200 candidates. Harvested 1222 lobby names so far.
2026-09-07 21:34:33,463 [WARNING] Rate limited (429). Sleeping for 23s...
2026-09-07 21:36:37,486 [INFO] Enriched 30/200 candidates. Harvested 1403 lobby names so far.
2026-09-07 21:39:03,193 [INFO] Enriched 40/200 candidates. Harvested 1640 lobby names so far.
2026-09-07 21:41:16,396 [INFO] Enriched 50/200 candidates. Harvested 1813 lobby names so far.
2026-09-07 21:42:44,573 [WARNING] Rate limited (429). Sleeping for 34s...
2026-09-07 21:44:18,743 [INFO] Enriched 60/200 candidates. Harvested 1995 lobby names so far.
2026-09-07 21:45:40,281 [WARNING] Network error: ('Connection aborted.', ConnectionResetError(10054, 'Foi forçado o cancelamento de uma conexão existente pelo host remoto', None, 10054, None)). Retrying in 5s...
2026-09-07 21:45:51,419 [WARNING] Network error: ("Connection broken: ConnectionResetError(10054, 'Foi forçado o cancelamento de uma conexão existente pelo host remoto', None, 10054, None)", ConnectionResetError(10054, 'Foi forçado o cancelamento de uma conexão existente pelo host remoto', None, 10054, None)). Retrying in 5s...
2026-09-07 21:47:14,679 [INFO] Enriched 70/200 candidates. Harvested 2151 lobby names so far.
2026-09-07 21:50:19,711 [INFO] Enriched 80/200 candidates. Harvested 2263 lobby names so far.
2026-09-07 21:53:00,927 [INFO] Enriched 90/200 candidates. Harvested 2357 lobby names so far.
2026-09-07 21:55:24,840 [INFO] Enriched 100/200 candidates. Harvested 2432 lobby names so far.
2026-09-07 21:57:26,813 [INFO] Enriched 110/200 candidates. Harvested 2515 lobby names so far.
2026-09-07 21:59:42,133 [INFO] Enriched 120/200 candidates. Harvested 2564 lobby names so far.
2026-09-07 22:02:06,474 [INFO] Enriched 130/200 candidates. Harvested 2679 lobby names so far.
2026-09-07 22:04:16,067 [INFO] Enriched 140/200 candidates. Harvested 2727 lobby names so far.
2026-09-07 22:06:37,939 [INFO] Enriched 150/200 candidates. Harvested 2829 lobby names so far.
2026-09-07 22:09:00,296 [INFO] Enriched 160/200 candidates. Harvested 2895 lobby names so far.
2026-09-07 22:11:24,570 [INFO] Enriched 170/200 candidates. Harvested 3010 lobby names so far.
2026-09-07 22:13:13,879 [INFO] Enriched 180/200 candidates. Harvested 3079 lobby names so far.
2026-09-07 22:14:47,574 [INFO] Enriched 190/200 candidates. Harvested 3106 lobby names so far.
2026-09-07 22:17:12,048 [INFO] Enriched 200/200 candidates. Harvested 3206 lobby names so far.
2026-09-08 06:23:41,524 [INFO] Previous run detected (ID: 10). Window: 1788827171 -> 1788859421
2026-09-08 06:23:41,729 [INFO] Loaded 4354 known player identities from local cache.
2026-09-08 06:23:42,716 [INFO] Loaded 25 players for NA1 CHALLENGER.
2026-09-08 06:23:44,849 [INFO] Loaded 98 players for NA1 GRANDMASTER.
2026-09-08 06:23:46,858 [INFO] Loaded 322 players for NA1 MASTER.
2026-09-08 06:23:49,123 [INFO] Loaded 42 players for EUW1 CHALLENGER.
2026-09-08 06:23:50,868 [INFO] Loaded 117 players for EUW1 GRANDMASTER.
2026-09-08 06:23:53,116 [INFO] Loaded 384 players for EUW1 MASTER.
2026-09-08 06:23:55,523 [INFO] Loaded 49 players for KR CHALLENGER.
2026-09-08 06:23:58,537 [INFO] Loaded 131 players for KR GRANDMASTER.
2026-09-08 06:24:01,357 [INFO] Loaded 505 players for KR MASTER.
2026-09-08 06:24:03,518 [INFO] Loaded 10 players for EUN1 CHALLENGER.
2026-09-08 06:24:05,519 [INFO] Loaded 22 players for EUN1 GRANDMASTER.
2026-09-08 06:24:07,255 [INFO] Loaded 58 players for EUN1 MASTER.
2026-09-08 06:24:09,018 [INFO] Loaded 14 players for BR1 CHALLENGER.
2026-09-08 06:24:10,767 [INFO] Loaded 13 players for BR1 GRANDMASTER.
2026-09-08 06:24:12,905 [INFO] Loaded 81 players for BR1 MASTER.
2026-09-08 06:24:15,387 [INFO] Loaded 20 players for JP1 CHALLENGER.
2026-09-08 06:24:17,805 [INFO] Loaded 25 players for JP1 GRANDMASTER.
2026-09-08 06:24:20,164 [INFO] Loaded 144 players for JP1 MASTER.
2026-09-08 06:24:21,906 [INFO] Successfully recorded 2060 snapshots for Run ID 11.
2026-09-08 06:24:21,912 [INFO] Starting Top 1 enrichment for 200 top performers...
2026-09-08 06:25:36,778 [INFO] Enriched 10/200 candidates. Harvested 391 lobby names so far.
2026-09-08 06:26:37,347 [INFO] Enriched 20/200 candidates. Harvested 650 lobby names so far.
2026-09-08 06:27:28,576 [INFO] Enriched 30/200 candidates. Harvested 876 lobby names so far.
2026-09-08 06:28:16,695 [INFO] Enriched 40/200 candidates. Harvested 1033 lobby names so far.
2026-09-08 06:28:56,711 [INFO] Enriched 50/200 candidates. Harvested 1166 lobby names so far.
2026-09-08 06:29:35,195 [INFO] Enriched 60/200 candidates. Harvested 1233 lobby names so far.
2026-09-08 06:30:22,519 [INFO] Enriched 70/200 candidates. Harvested 1344 lobby names so far.
2026-09-08 06:30:52,957 [INFO] Enriched 80/200 candidates. Harvested 1416 lobby names so far.
2026-09-08 06:31:19,125 [INFO] Enriched 90/200 candidates. Harvested 1450 lobby names so far.
2026-09-08 06:31:52,964 [INFO] Enriched 100/200 candidates. Harvested 1527 lobby names so far.
2026-09-08 06:32:25,888 [INFO] Enriched 110/200 candidates. Harvested 1573 lobby names so far.
2026-09-08 06:33:04,834 [INFO] Enriched 120/200 candidates. Harvested 1603 lobby names so far.
2026-09-08 06:33:34,365 [INFO] Enriched 130/200 candidates. Harvested 1628 lobby names so far.
2026-09-08 06:34:13,347 [INFO] Enriched 140/200 candidates. Harvested 1687 lobby names so far.
2026-09-08 06:34:42,709 [INFO] Enriched 150/200 candidates. Harvested 1721 lobby names so far.
2026-09-08 06:35:17,597 [INFO] Enriched 160/200 candidates. Harvested 1782 lobby names so far.
2026-09-08 06:35:50,817 [INFO] Enriched 170/200 candidates. Harvested 1824 lobby names so far.
2026-09-08 06:36:22,333 [INFO] Enriched 180/200 candidates. Harvested 1861 lobby names so far.
2026-09-08 06:36:50,852 [INFO] Enriched 190/200 candidates. Harvested 1903 lobby names so far.
2026-09-08 06:37:42,984 [INFO] Enriched 200/200 candidates. Harvested 1951 lobby names so far.
2026-09-08 06:37:46,691 [INFO] Resolving names directly for 9 active climbers without names...
2026-09-08 06:37:57,481 [INFO] Successfully resolved and cached 9 additional player names.
2026-09-09 06:32:11,196 [INFO] Previous run detected (ID: 11). Window: 1788859421 -> 1788946331
2026-09-09 06:32:11,497 [INFO] Loaded 4785 known player identities from local cache.
2026-09-09 06:32:12,581 [ERROR] API Error 401: {"status":{"message":"Unknown apikey","status_code":401}}
2026-09-09 06:32:13,245 [ERROR] API Error 401: {"status":{"message":"Unknown apikey","status_code":401}}
2026-09-09 06:32:13,868 [ERROR] API Error 401: {"status":{"message":"Unknown apikey","status_code":401}}
2026-09-09 06:32:14,977 [ERROR] API Error 401: {"status":{"message":"Unknown apikey","status_code":401}}
2026-09-09 06:32:15,710 [ERROR] API Error 401: {"status":{"message":"Unknown apikey","status_code":401}}
2026-09-09 06:32:16,376 [ERROR] API Error 401: {"status":{"message":"Unknown apikey","status_code":401}}
2026-09-09 06:32:17,851 [ERROR] API Error 401: {"status":{"message":"Unknown apikey","status_code":401}}
2026-09-09 06:32:19,174 [ERROR] API Error 401: {"status":{"message":"Unknown apikey","status_code":401}}
2026-09-09 06:32:20,124 [ERROR] API Error 401: {"status":{"message":"Unknown apikey","status_code":401}}
2026-09-09 06:32:21,274 [ERROR] API Error 401: {"status":{"message":"Unknown apikey","status_code":401}}
2026-09-09 06:32:21,960 [ERROR] API Error 401: {"status":{"message":"Unknown apikey","status_code":401}}
2026-09-09 06:32:22,688 [ERROR] API Error 401: {"status":{"message":"Unknown apikey","status_code":401}}
2026-09-09 06:32:23,391 [ERROR] API Error 401: {"status":{"message":"Unknown apikey","status_code":401}}
2026-09-09 06:32:24,173 [ERROR] API Error 401: {"status":{"message":"Unknown apikey","status_code":401}}
2026-09-09 06:32:24,802 [ERROR] API Error 401: {"status":{"message":"Unknown apikey","status_code":401}}
2026-09-09 06:32:26,191 [ERROR] API Error 401: {"status":{"message":"Unknown apikey","status_code":401}}
2026-09-09 06:32:26,931 [ERROR] API Error 401: {"status":{"message":"Unknown apikey","status_code":401}}
2026-09-09 06:32:28,304 [ERROR] API Error 401: {"status":{"message":"Unknown apikey","status_code":401}}
2026-09-09 06:32:28,311 [INFO] Successfully recorded 0 snapshots for Run ID 12.
2026-09-09 06:32:28,655 [INFO] Purged 4 runs older than 5 days.
2026-09-09 07:36:03,866 [INFO] Previous run detected (ID: 11). Window: 1788859421 -> 1788950163
2026-09-09 07:36:03,999 [INFO] Loaded 4785 known player identities from local cache.
2026-09-09 07:36:05,010 [INFO] Loaded 32 players for NA1 CHALLENGER.
2026-09-09 07:36:07,165 [INFO] Loaded 118 players for NA1 GRANDMASTER.
2026-09-09 07:36:09,637 [INFO] Loaded 357 players for NA1 MASTER.
2026-09-09 07:36:11,802 [INFO] Loaded 52 players for EUW1 CHALLENGER.
2026-09-09 07:36:13,656 [INFO] Loaded 141 players for EUW1 GRANDMASTER.
2026-09-09 07:36:15,721 [INFO] Loaded 456 players for EUW1 MASTER.
2026-09-09 07:36:18,119 [INFO] Loaded 59 players for KR CHALLENGER.
2026-09-09 07:36:20,541 [INFO] Loaded 150 players for KR GRANDMASTER.
2026-09-09 07:36:23,124 [INFO] Loaded 624 players for KR MASTER.
2026-09-09 07:36:25,122 [INFO] Loaded 13 players for EUN1 CHALLENGER.
2026-09-09 07:36:27,097 [INFO] Loaded 18 players for EUN1 GRANDMASTER.
2026-09-09 07:36:29,376 [INFO] Loaded 81 players for EUN1 MASTER.
2026-09-09 07:36:31,106 [INFO] Loaded 15 players for BR1 CHALLENGER.
2026-09-09 07:36:33,239 [INFO] Loaded 23 players for BR1 GRANDMASTER.
2026-09-09 07:36:34,971 [INFO] Loaded 90 players for BR1 MASTER.
2026-09-09 07:36:37,399 [INFO] Loaded 20 players for JP1 CHALLENGER.
2026-09-09 07:36:39,877 [INFO] Loaded 37 players for JP1 GRANDMASTER.
2026-09-09 07:36:42,342 [INFO] Loaded 168 players for JP1 MASTER.
2026-09-09 07:36:43,735 [INFO] Successfully recorded 2454 snapshots for Run ID 13.
2026-09-09 07:36:43,739 [INFO] Starting Top 1 enrichment for 200 top performers...
2026-09-09 07:38:45,275 [INFO] Enriched 10/200 candidates. Harvested 702 lobby names so far.
2026-09-09 07:40:15,455 [INFO] Enriched 20/200 candidates. Harvested 1040 lobby names so far.
2026-09-09 07:41:37,977 [INFO] Enriched 30/200 candidates. Harvested 1319 lobby names so far.
2026-09-09 07:42:54,566 [INFO] Enriched 40/200 candidates. Harvested 1615 lobby names so far.
2026-09-09 07:44:25,985 [INFO] Enriched 50/200 candidates. Harvested 1858 lobby names so far.
2026-09-09 07:45:07,727 [WARNING] Rate limited (429). Sleeping for 6s...
2026-09-09 07:45:49,105 [INFO] Enriched 60/200 candidates. Harvested 2000 lobby names so far.
2026-09-09 07:47:01,472 [INFO] Enriched 70/200 candidates. Harvested 2191 lobby names so far.
2026-09-09 07:47:22,016 [WARNING] Rate limited (429). Sleeping for 2s...
2026-09-09 07:47:59,706 [INFO] Enriched 80/200 candidates. Harvested 2290 lobby names so far.
2026-09-09 07:49:00,111 [INFO] Enriched 90/200 candidates. Harvested 2365 lobby names so far.
2026-09-09 07:49:16,455 [WARNING] Rate limited (429). Sleeping for 10s...
2026-09-09 07:50:09,725 [INFO] Enriched 100/200 candidates. Harvested 2472 lobby names so far.
2026-09-09 07:51:08,437 [INFO] Enriched 110/200 candidates. Harvested 2521 lobby names so far.
2026-09-09 07:51:49,830 [INFO] Enriched 120/200 candidates. Harvested 2566 lobby names so far.
2026-09-09 07:52:45,186 [INFO] Enriched 130/200 candidates. Harvested 2697 lobby names so far.
2026-09-09 07:53:42,235 [INFO] Enriched 140/200 candidates. Harvested 2794 lobby names so far.
2026-09-09 07:54:37,895 [INFO] Enriched 150/200 candidates. Harvested 2851 lobby names so far.
2026-09-09 07:55:41,825 [INFO] Enriched 160/200 candidates. Harvested 2973 lobby names so far.
2026-09-09 07:56:34,000 [INFO] Enriched 170/200 candidates. Harvested 3071 lobby names so far.
2026-09-09 07:57:22,497 [INFO] Enriched 180/200 candidates. Harvested 3137 lobby names so far.
2026-09-09 07:58:41,045 [INFO] Enriched 190/200 candidates. Harvested 3279 lobby names so far.
2026-09-09 07:59:27,069 [WARNING] Rate limited (429). Sleeping for 7s...
2026-09-09 07:59:38,632 [INFO] Enriched 200/200 candidates. Harvested 3351 lobby names so far.
2026-09-09 07:59:39,037 [INFO] Resolving names directly for 8 active climbers without names...
2026-09-09 07:59:44,326 [INFO] Successfully resolved and cached 8 additional player names.
2026-09-10 06:29:51,346 [INFO] Previous run detected (ID: 13). Window: 1788950163 -> 1789032591
2026-09-10 06:29:51,502 [INFO] Loaded 5510 known player identities from local cache.
2026-09-10 06:29:53,561 [INFO] Loaded 42 players for NA1 CHALLENGER.
2026-09-10 06:29:56,662 [INFO] Loaded 129 players for NA1 GRANDMASTER.
2026-09-10 06:29:59,015 [INFO] Loaded 405 players for NA1 MASTER.
2026-09-10 06:30:01,323 [INFO] Loaded 66 players for EUW1 CHALLENGER.
2026-09-10 06:30:03,587 [INFO] Loaded 162 players for EUW1 GRANDMASTER.
2026-09-10 06:30:06,114 [INFO] Loaded 507 players for EUW1 MASTER.
2026-09-10 06:30:08,955 [INFO] Loaded 70 players for KR CHALLENGER.
2026-09-10 06:30:11,234 [INFO] Loaded 187 players for KR GRANDMASTER.
2026-09-10 06:30:14,277 [INFO] Loaded 693 players for KR MASTER.
2026-09-10 06:30:16,794 [INFO] Loaded 16 players for EUN1 CHALLENGER.
2026-09-10 06:30:18,675 [INFO] Loaded 24 players for EUN1 GRANDMASTER.
2026-09-10 06:30:20,598 [INFO] Loaded 94 players for EUN1 MASTER.
2026-09-10 06:30:22,833 [INFO] Loaded 15 players for BR1 CHALLENGER.
2026-09-10 06:30:24,969 [INFO] Loaded 29 players for BR1 GRANDMASTER.
2026-09-10 06:30:27,030 [INFO] Loaded 107 players for BR1 MASTER.
2026-09-10 06:30:29,594 [INFO] Loaded 25 players for JP1 CHALLENGER.
2026-09-10 06:30:31,562 [INFO] Loaded 43 players for JP1 GRANDMASTER.
2026-09-10 06:30:34,745 [INFO] Loaded 182 players for JP1 MASTER.
2026-09-10 06:30:36,411 [INFO] Successfully recorded 2796 snapshots for Run ID 14.
2026-09-10 06:30:36,419 [INFO] Starting Top 1 enrichment for 200 top performers...
2026-09-10 06:32:45,028 [ERROR] API Error 401: {"status":{"message":"Unknown apikey","status_code":401}}
2026-09-10 06:32:46,105 [ERROR] API Error 401: {"status":{"message":"Unknown apikey","status_code":401}}
2026-09-10 06:32:48,460 [ERROR] API Error 401: {"status":{"message":"Unknown apikey","status_code":401}}
2026-09-10 06:32:49,468 [ERROR] API Error 401: {"status":{"message":"Unknown apikey","status_code":401}}
2026-09-10 06:32:50,473 [ERROR] API Error 401: {"status":{"message":"Unknown apikey","status_code":401}}
2026-09-10 06:32:51,482 [ERROR] API Error 401: {"status":{"message":"Unknown apikey","status_code":401}}
2026-09-10 06:32:52,404 [ERROR] API Error 401: {"status":{"message":"Unknown apikey","status_code":401}}
2026-09-10 06:32:53,392 [ERROR] API Error 401: {"status":{"message":"Unknown apikey","status_code":401}}
2026-09-10 06:32:54,506 [ERROR] API Error 401: {"status":{"message":"Unknown apikey","status_code":401}}
2026-09-10 06:32:55,282 [ERROR] API Error 401: {"status":{"message":"Unknown apikey","status_code":401}}
2026-09-10 06:32:56,117 [ERROR] API Error 401: {"status":{"message":"Unknown apikey","status_code":401}}
2026-09-10 06:32:57,012 [ERROR] API Error 401: {"status":{"message":"Unknown apikey","status_code":401}}
2026-09-10 06:32:57,826 [ERROR] API Error 401: {"status":{"message":"Unknown apikey","status_code":401}}
2026-09-10 06:32:58,661 [ERROR] API Error 401: {"status":{"message":"Unknown apikey","status_code":401}}
2026-09-10 06:32:59,639 [ERROR] API Error 401: {"status":{"message":"Unknown apikey","status_code":401}}
2026-09-10 06:33:00,581 [ERROR] API Error 401: {"status":{"message":"Unknown apikey","status_code":401}}
2026-09-10 06:33:00,721 [INFO] Enriched 10/200 candidates. Harvested 537 lobby names so far.
2026-09-10 06:33:01,773 [ERROR] API Error 401: {"status":{"message":"Unknown apikey","status_code":401}}
2026-09-10 06:33:02,902 [ERROR] API Error 401: {"status":{"message":"Unknown apikey","status_code":401}}
2026-09-10 06:33:04,146 [ERROR] API Error 401: {"status":{"message":"Unknown apikey","status_code":401}}
2026-09-10 06:33:05,058 [ERROR] API Error 401: {"status":{"message":"Unknown apikey","status_code":401}}
2026-09-10 06:33:06,065 [ERROR] API Error 401: {"status":{"message":"Unknown apikey","status_code":401}}
2026-09-10 06:33:07,082 [ERROR] API Error 401: {"status":{"message":"Unknown apikey","status_code":401}}
2026-09-10 06:33:08,164 [ERROR] API Error 401: {"status":{"message":"Unknown apikey","status_code":401}}
2026-09-10 06:33:09,140 [ERROR] API Error 401: {"status":{"message":"Unknown apikey","status_code":401}}
2026-09-10 06:33:10,038 [ERROR] API Error 401: {"status":{"message":"Unknown apikey","status_code":401}}
2026-09-10 06:33:11,064 [ERROR] API Error 401: {"status":{"message":"Unknown apikey","status_code":401}}
2026-09-10 06:33:11,999 [ERROR] API Error 401: {"status":{"message":"Unknown apikey","status_code":401}}
2026-09-10 06:33:13,054 [ERROR] API Error 401: {"status":{"message":"Unknown apikey","status_code":401}}
2026-09-10 06:33:14,395 [ERROR] API Error 401: {"status":{"message":"Unknown apikey","status_code":401}}
2026-09-10 06:33:15,286 [ERROR] API Error 401: {"status":{"message":"Unknown apikey","status_code":401}}
2026-09-10 06:33:16,368 [ERROR] API Error 401: {"status":{"message":"Unknown apikey","status_code":401}}
2026-09-10 06:33:17,353 [ERROR] API Error 401: {"status":{"message":"Unknown apikey","status_code":401}}
2026-09-10 06:33:18,358 [ERROR] API Error 401: {"status":{"message":"Unknown apikey","status_code":401}}
2026-09-10 06:33:19,265 [ERROR] API Error 401: {"status":{"message":"Unknown apikey","status_code":401}}
2026-09-10 06:33:20,202 [ERROR] API Error 401: {"status":{"message":"Unknown apikey","status_code":401}}
2026-09-10 06:33:21,141 [ERROR] API Error 401: {"status":{"message":"Unknown apikey","status_code":401}}
2026-09-10 06:33:22,080 [ERROR] API Error 401: {"status":{"message":"Unknown apikey","status_code":401}}
2026-09-10 06:33:23,118 [ERROR] API Error 401: {"status":{"message":"Unknown apikey","status_code":401}}
2026-09-10 06:33:24,115 [ERROR] API Error 401: {"status":{"message":"Unknown apikey","status_code":401}}
2026-09-10 06:33:24,942 [ERROR] API Error 401: {"status":{"message":"Unknown apikey","status_code":401}}
2026-09-10 06:33:25,857 [ERROR] API Error 401: {"status":{"message":"Unknown apikey","status_code":401}}
2026-09-10 06:33:26,803 [ERROR] API Error 401: {"status":{"message":"Unknown apikey","status_code":401}}
2026-09-10 06:33:27,689 [ERROR] API Error 401: {"status":{"message":"Unknown apikey","status_code":401}}
2026-09-10 06:33:28,750 [ERROR] API Error 401: {"status":{"message":"Unknown apikey","status_code":401}}
2026-09-10 06:33:29,707 [ERROR] API Error 401: {"status":{"message":"Unknown apikey","status_code":401}}
2026-09-10 06:33:30,641 [ERROR] API Error 401: {"status":{"message":"Unknown apikey","status_code":401}}
2026-09-10 06:33:31,625 [ERROR] API Error 401: {"status":{"message":"Unknown apikey","status_code":401}}
2026-09-10 06:33:32,635 [ERROR] API Error 401: {"status":{"message":"Unknown apikey","status_code":401}}
2026-09-10 06:33:33,616 [ERROR] API Error 401: {"status":{"message":"Unknown apikey","status_code":401}}
2026-09-10 06:33:34,490 [ERROR] API Error 401: {"status":{"message":"Unknown apikey","status_code":401}}
2026-09-10 06:33:35,423 [ERROR] API Error 401: {"status":{"message":"Unknown apikey","status_code":401}}
2026-09-10 06:33:36,321 [ERROR] API Error 401: {"status":{"message":"Unknown apikey","status_code":401}}
2026-09-10 06:33:37,392 [ERROR] API Error 401: {"status":{"message":"Unknown apikey","status_code":401}}
2026-09-10 06:33:38,362 [ERROR] API Error 401: {"status":{"message":"Unknown apikey","status_code":401}}
2026-09-10 06:33:39,309 [ERROR] API Error 401: {"status":{"message":"Unknown apikey","status_code":401}}
2026-09-10 06:33:40,274 [ERROR] API Error 401: {"status":{"message":"Unknown apikey","status_code":401}}
2026-09-10 06:33:41,243 [ERROR] API Error 401: {"status":{"message":"Unknown apikey","status_code":401}}
2026-09-10 06:33:42,206 [ERROR] API Error 401: {"status":{"message":"Unknown apikey","status_code":401}}
2026-09-10 06:33:43,227 [ERROR] API Error 401: {"status":{"message":"Unknown apikey","status_code":401}}
2026-09-10 06:33:44,419 [ERROR] API Error 401: {"status":{"message":"Unknown apikey","status_code":401}}
2026-09-10 06:33:45,444 [ERROR] API Error 401: {"status":{"message":"Unknown apikey","status_code":401}}
2026-09-10 06:33:46,469 [ERROR] API Error 401: {"status":{"message":"Unknown apikey","status_code":401}}
2026-09-10 06:33:47,547 [ERROR] API Error 401: {"status":{"message":"Unknown apikey","status_code":401}}
2026-09-10 06:33:48,501 [ERROR] API Error 401: {"status":{"message":"Unknown apikey","status_code":401}}
2026-09-10 06:33:49,417 [ERROR] API Error 401: {"status":{"message":"Unknown apikey","status_code":401}}
2026-09-10 06:33:50,516 [ERROR] API Error 401: {"status":{"message":"Unknown apikey","status_code":401}}
2026-09-10 06:33:51,417 [ERROR] API Error 401: {"status":{"message":"Unknown apikey","status_code":401}}
2026-09-10 06:33:52,326 [ERROR] API Error 401: {"status":{"message":"Unknown apikey","status_code":401}}
2026-09-10 06:33:53,306 [ERROR] API Error 401: {"status":{"message":"Unknown apikey","status_code":401}}
2026-09-10 06:33:54,501 [ERROR] API Error 401: {"status":{"message":"Unknown apikey","status_code":401}}
2026-09-10 06:33:55,439 [ERROR] API Error 401: {"status":{"message":"Unknown apikey","status_code":401}}
2026-09-10 06:33:56,585 [ERROR] API Error 401: {"status":{"message":"Unknown apikey","status_code":401}}
2026-09-10 06:33:57,576 [ERROR] API Error 401: {"status":{"message":"Unknown apikey","status_code":401}}
2026-09-10 06:33:58,719 [ERROR] API Error 401: {"status":{"message":"Unknown apikey","status_code":401}}
2026-09-10 06:33:59,866 [ERROR] API Error 401: {"status":{"message":"Unknown apikey","status_code":401}}
2026-09-10 06:34:00,934 [ERROR] API Error 401: {"status":{"message":"Unknown apikey","status_code":401}}
2026-09-10 06:34:01,853 [ERROR] API Error 401: {"status":{"message":"Unknown apikey","status_code":401}}
2026-09-10 06:34:02,777 [ERROR] API Error 401: {"status":{"message":"Unknown apikey","status_code":401}}
2026-09-10 06:34:03,733 [ERROR] API Error 401: {"status":{"message":"Unknown apikey","status_code":401}}
2026-09-10 06:34:04,639 [ERROR] API Error 401: {"status":{"message":"Unknown apikey","status_code":401}}
2026-09-10 06:34:05,560 [ERROR] API Error 401: {"status":{"message":"Unknown apikey","status_code":401}}
2026-09-10 06:34:06,565 [ERROR] API Error 401: {"status":{"message":"Unknown apikey","status_code":401}}
2026-09-10 06:34:07,600 [ERROR] API Error 401: {"status":{"message":"Unknown apikey","status_code":401}}
2026-09-10 06:34:08,525 [ERROR] API Error 401: {"status":{"message":"Unknown apikey","status_code":401}}
2026-09-10 06:34:09,553 [ERROR] API Error 401: {"status":{"message":"Unknown apikey","status_code":401}}
2026-09-10 06:34:10,509 [ERROR] API Error 401: {"status":{"message":"Unknown apikey","status_code":401}}
2026-09-10 06:34:11,463 [ERROR] API Error 401: {"status":{"message":"Unknown apikey","status_code":401}}
2026-09-10 06:34:12,605 [ERROR] API Error 401: {"status":{"message":"Unknown apikey","status_code":401}}
2026-09-10 06:34:13,528 [ERROR] API Error 401: {"status":{"message":"Unknown apikey","status_code":401}}
2026-09-10 06:34:14,536 [ERROR] API Error 401: {"status":{"message":"Unknown apikey","status_code":401}}
2026-09-10 06:34:15,583 [ERROR] API Error 401: {"status":{"message":"Unknown apikey","status_code":401}}
2026-09-10 06:34:16,591 [ERROR] API Error 401: {"status":{"message":"Unknown apikey","status_code":401}}
2026-09-10 06:34:17,760 [ERROR] API Error 401: {"status":{"message":"Unknown apikey","status_code":401}}
2026-09-10 06:34:18,769 [ERROR] API Error 401: {"status":{"message":"Unknown apikey","status_code":401}}
2026-09-10 06:34:19,659 [ERROR] API Error 401: {"status":{"message":"Unknown apikey","status_code":401}}
2026-09-10 06:34:20,648 [ERROR] API Error 401: {"status":{"message":"Unknown apikey","status_code":401}}
2026-09-10 06:34:21,617 [ERROR] API Error 401: {"status":{"message":"Unknown apikey","status_code":401}}
2026-09-10 06:34:22,541 [ERROR] API Error 401: {"status":{"message":"Unknown apikey","status_code":401}}
2026-09-10 06:34:23,521 [ERROR] API Error 401: {"status":{"message":"Unknown apikey","status_code":401}}
2026-09-10 06:34:24,530 [ERROR] API Error 401: {"status":{"message":"Unknown apikey","status_code":401}}
2026-09-10 06:34:25,533 [ERROR] API Error 401: {"status":{"message":"Unknown apikey","status_code":401}}
2026-09-10 06:34:26,496 [ERROR] API Error 401: {"status":{"message":"Unknown apikey","status_code":401}}
2026-09-10 06:34:27,509 [ERROR] API Error 401: {"status":{"message":"Unknown apikey","status_code":401}}
2026-09-10 06:34:29,077 [ERROR] API Error 401: {"status":{"message":"Unknown apikey","status_code":401}}
2026-09-10 06:34:30,179 [ERROR] API Error 401: {"status":{"message":"Unknown apikey","status_code":401}}
2026-09-10 06:34:31,110 [ERROR] API Error 401: {"status":{"message":"Unknown apikey","status_code":401}}
2026-09-10 06:34:32,114 [ERROR] API Error 401: {"status":{"message":"Unknown apikey","status_code":401}}
2026-09-10 06:34:33,098 [ERROR] API Error 401: {"status":{"message":"Unknown apikey","status_code":401}}
2026-09-10 06:34:34,021 [ERROR] API Error 401: {"status":{"message":"Unknown apikey","status_code":401}}
2026-09-10 06:34:34,927 [ERROR] API Error 401: {"status":{"message":"Unknown apikey","status_code":401}}
2026-09-10 06:34:35,801 [ERROR] API Error 401: {"status":{"message":"Unknown apikey","status_code":401}}
2026-09-10 06:34:36,859 [ERROR] API Error 401: {"status":{"message":"Unknown apikey","status_code":401}}
2026-09-10 06:34:37,709 [ERROR] API Error 401: {"status":{"message":"Unknown apikey","status_code":401}}
2026-09-10 06:34:38,660 [ERROR] API Error 401: {"status":{"message":"Unknown apikey","status_code":401}}
2026-09-10 06:34:39,568 [ERROR] API Error 401: {"status":{"message":"Unknown apikey","status_code":401}}
2026-09-10 06:34:40,541 [ERROR] API Error 401: {"status":{"message":"Unknown apikey","status_code":401}}
2026-09-10 06:34:41,671 [ERROR] API Error 401: {"status":{"message":"Unknown apikey","status_code":401}}
2026-09-10 06:34:42,687 [ERROR] API Error 401: {"status":{"message":"Unknown apikey","status_code":401}}
2026-09-10 06:34:43,609 [ERROR] API Error 401: {"status":{"message":"Unknown apikey","status_code":401}}
2026-09-10 06:34:44,677 [ERROR] API Error 401: {"status":{"message":"Unknown apikey","status_code":401}}
2026-09-10 06:34:45,518 [ERROR] API Error 401: {"status":{"message":"Unknown apikey","status_code":401}}
2026-09-10 06:34:46,620 [ERROR] API Error 401: {"status":{"message":"Unknown apikey","status_code":401}}
2026-09-10 06:34:47,633 [ERROR] API Error 401: {"status":{"message":"Unknown apikey","status_code":401}}
2026-09-10 06:34:48,612 [ERROR] API Error 401: {"status":{"message":"Unknown apikey","status_code":401}}
2026-09-10 06:34:49,627 [ERROR] API Error 401: {"status":{"message":"Unknown apikey","status_code":401}}
2026-09-10 06:34:50,554 [ERROR] API Error 401: {"status":{"message":"Unknown apikey","status_code":401}}
2026-09-10 06:34:51,607 [ERROR] API Error 401: {"status":{"message":"Unknown apikey","status_code":401}}
2026-09-10 06:34:52,590 [ERROR] API Error 401: {"status":{"message":"Unknown apikey","status_code":401}}
2026-09-10 06:34:53,618 [ERROR] API Error 401: {"status":{"message":"Unknown apikey","status_code":401}}
2026-09-10 06:34:54,617 [ERROR] API Error 401: {"status":{"message":"Unknown apikey","status_code":401}}
2026-09-10 06:34:55,696 [ERROR] API Error 401: {"status":{"message":"Unknown apikey","status_code":401}}
2026-09-10 06:34:56,729 [ERROR] API Error 401: {"status":{"message":"Unknown apikey","status_code":401}}
2026-09-10 06:34:57,978 [ERROR] API Error 401: {"status":{"message":"Unknown apikey","status_code":401}}
2026-09-10 06:34:59,019 [ERROR] API Error 401: {"status":{"message":"Unknown apikey","status_code":401}}
2026-09-10 06:35:00,010 [ERROR] API Error 401: {"status":{"message":"Unknown apikey","status_code":401}}
2026-09-10 06:35:01,071 [ERROR] API Error 401: {"status":{"message":"Unknown apikey","status_code":401}}
2026-09-10 06:35:02,054 [ERROR] API Error 401: {"status":{"message":"Unknown apikey","status_code":401}}
2026-09-10 06:35:03,034 [ERROR] API Error 401: {"status":{"message":"Unknown apikey","status_code":401}}
2026-09-10 06:35:04,002 [ERROR] API Error 401: {"status":{"message":"Unknown apikey","status_code":401}}
2026-09-10 06:35:05,053 [ERROR] API Error 401: {"status":{"message":"Unknown apikey","status_code":401}}
2026-09-10 06:35:06,086 [ERROR] API Error 401: {"status":{"message":"Unknown apikey","status_code":401}}
2026-09-10 06:35:07,153 [ERROR] API Error 401: {"status":{"message":"Unknown apikey","status_code":401}}
2026-09-10 06:35:08,077 [ERROR] API Error 401: {"status":{"message":"Unknown apikey","status_code":401}}
2026-09-10 06:35:09,010 [ERROR] API Error 401: {"status":{"message":"Unknown apikey","status_code":401}}
2026-09-10 06:35:10,069 [ERROR] API Error 401: {"status":{"message":"Unknown apikey","status_code":401}}
2026-09-10 06:35:11,037 [ERROR] API Error 401: {"status":{"message":"Unknown apikey","status_code":401}}
2026-09-10 06:35:12,113 [ERROR] API Error 401: {"status":{"message":"Unknown apikey","status_code":401}}
2026-09-10 06:35:13,050 [ERROR] API Error 401: {"status":{"message":"Unknown apikey","status_code":401}}
2026-09-10 06:35:14,033 [ERROR] API Error 401: {"status":{"message":"Unknown apikey","status_code":401}}
2026-09-10 06:35:15,106 [ERROR] API Error 401: {"status":{"message":"Unknown apikey","status_code":401}}
2026-09-10 06:35:16,121 [ERROR] API Error 401: {"status":{"message":"Unknown apikey","status_code":401}}
2026-09-10 06:35:17,220 [ERROR] API Error 401: {"status":{"message":"Unknown apikey","status_code":401}}
2026-09-10 06:35:18,287 [ERROR] API Error 401: {"status":{"message":"Unknown apikey","status_code":401}}
2026-09-10 06:35:19,284 [ERROR] API Error 401: {"status":{"message":"Unknown apikey","status_code":401}}
2026-09-10 06:35:20,550 [ERROR] API Error 401: {"status":{"message":"Unknown apikey","status_code":401}}
2026-09-10 06:35:21,652 [ERROR] API Error 401: {"status":{"message":"Unknown apikey","status_code":401}}
2026-09-10 06:35:22,617 [ERROR] API Error 401: {"status":{"message":"Unknown apikey","status_code":401}}
2026-09-10 06:35:23,841 [ERROR] API Error 401: {"status":{"message":"Unknown apikey","status_code":401}}
2026-09-10 06:35:24,728 [ERROR] API Error 401: {"status":{"message":"Unknown apikey","status_code":401}}
2026-09-10 06:35:26,285 [ERROR] API Error 401: {"status":{"message":"Unknown apikey","status_code":401}}
2026-09-10 06:35:27,343 [ERROR] API Error 401: {"status":{"message":"Unknown apikey","status_code":401}}
2026-09-10 06:35:28,456 [ERROR] API Error 401: {"status":{"message":"Unknown apikey","status_code":401}}
2026-09-10 06:35:29,410 [ERROR] API Error 401: {"status":{"message":"Unknown apikey","status_code":401}}
2026-09-10 06:35:30,496 [ERROR] API Error 401: {"status":{"message":"Unknown apikey","status_code":401}}
2026-09-10 06:35:31,479 [ERROR] API Error 401: {"status":{"message":"Unknown apikey","status_code":401}}
2026-09-10 06:35:32,664 [ERROR] API Error 401: {"status":{"message":"Unknown apikey","status_code":401}}
2026-09-10 06:35:33,631 [ERROR] API Error 401: {"status":{"message":"Unknown apikey","status_code":401}}
2026-09-10 06:35:34,560 [ERROR] API Error 401: {"status":{"message":"Unknown apikey","status_code":401}}
2026-09-10 06:35:35,596 [ERROR] API Error 401: {"status":{"message":"Unknown apikey","status_code":401}}
2026-09-10 06:35:36,628 [ERROR] API Error 401: {"status":{"message":"Unknown apikey","status_code":401}}
2026-09-10 06:35:37,499 [ERROR] API Error 401: {"status":{"message":"Unknown apikey","status_code":401}}
2026-09-10 06:35:38,603 [ERROR] API Error 401: {"status":{"message":"Unknown apikey","status_code":401}}
2026-09-10 06:35:39,637 [ERROR] API Error 401: {"status":{"message":"Unknown apikey","status_code":401}}
2026-09-10 06:35:40,658 [ERROR] API Error 401: {"status":{"message":"Unknown apikey","status_code":401}}
2026-09-10 06:35:41,765 [ERROR] API Error 401: {"status":{"message":"Unknown apikey","status_code":401}}
2026-09-10 06:35:42,749 [ERROR] API Error 401: {"status":{"message":"Unknown apikey","status_code":401}}
2026-09-10 06:35:43,688 [ERROR] API Error 401: {"status":{"message":"Unknown apikey","status_code":401}}
2026-09-10 06:35:44,661 [ERROR] API Error 401: {"status":{"message":"Unknown apikey","status_code":401}}
2026-09-10 06:35:45,541 [ERROR] API Error 401: {"status":{"message":"Unknown apikey","status_code":401}}
2026-09-10 06:35:46,519 [ERROR] API Error 401: {"status":{"message":"Unknown apikey","status_code":401}}
2026-09-10 06:35:47,393 [ERROR] API Error 401: {"status":{"message":"Unknown apikey","status_code":401}}
2026-09-10 06:35:48,428 [ERROR] API Error 401: {"status":{"message":"Unknown apikey","status_code":401}}
2026-09-10 06:35:49,378 [ERROR] API Error 401: {"status":{"message":"Unknown apikey","status_code":401}}
2026-09-10 06:35:50,408 [ERROR] API Error 401: {"status":{"message":"Unknown apikey","status_code":401}}
2026-09-10 06:35:51,370 [ERROR] API Error 401: {"status":{"message":"Unknown apikey","status_code":401}}
2026-09-10 06:35:52,378 [ERROR] API Error 401: {"status":{"message":"Unknown apikey","status_code":401}}
2026-09-10 06:35:53,410 [ERROR] API Error 401: {"status":{"message":"Unknown apikey","status_code":401}}
2026-09-10 06:35:54,351 [ERROR] API Error 401: {"status":{"message":"Unknown apikey","status_code":401}}
2026-09-10 06:35:55,347 [ERROR] API Error 401: {"status":{"message":"Unknown apikey","status_code":401}}
2026-09-10 06:35:56,508 [ERROR] API Error 401: {"status":{"message":"Unknown apikey","status_code":401}}
2026-09-10 06:35:57,456 [ERROR] API Error 401: {"status":{"message":"Unknown apikey","status_code":401}}
2026-09-10 06:35:58,620 [ERROR] API Error 401: {"status":{"message":"Unknown apikey","status_code":401}}
2026-09-10 06:35:59,609 [ERROR] API Error 401: {"status":{"message":"Unknown apikey","status_code":401}}
2026-09-10 06:36:00,590 [ERROR] API Error 401: {"status":{"message":"Unknown apikey","status_code":401}}
2026-09-10 06:36:01,630 [ERROR] API Error 401: {"status":{"message":"Unknown apikey","status_code":401}}
2026-09-10 06:36:02,537 [ERROR] API Error 401: {"status":{"message":"Unknown apikey","status_code":401}}
2026-09-10 06:36:03,484 [ERROR] API Error 401: {"status":{"message":"Unknown apikey","status_code":401}}
2026-09-10 06:36:04,635 [ERROR] API Error 401: {"status":{"message":"Unknown apikey","status_code":401}}
2026-09-10 06:36:05,655 [ERROR] API Error 401: {"status":{"message":"Unknown apikey","status_code":401}}
2026-09-10 06:36:06,718 [ERROR] API Error 401: {"status":{"message":"Unknown apikey","status_code":401}}
2026-09-10 06:36:07,746 [ERROR] API Error 401: {"status":{"message":"Unknown apikey","status_code":401}}
2026-09-10 06:36:08,777 [ERROR] API Error 401: {"status":{"message":"Unknown apikey","status_code":401}}
2026-09-10 06:36:09,743 [ERROR] API Error 401: {"status":{"message":"Unknown apikey","status_code":401}}
2026-09-10 06:36:10,891 [ERROR] API Error 401: {"status":{"message":"Unknown apikey","status_code":401}}
2026-09-10 06:36:12,491 [ERROR] API Error 401: {"status":{"message":"Unknown apikey","status_code":401}}
2026-09-10 06:36:13,910 [ERROR] API Error 401: {"status":{"message":"Unknown apikey","status_code":401}}
2026-09-10 06:36:14,651 [INFO] Resolving names directly for 19 active climbers without names...
2026-09-10 06:36:15,946 [ERROR] API Error 401: {"status":{"message":"Unknown apikey","status_code":401}}
2026-09-10 06:36:16,899 [ERROR] API Error 401: {"status":{"message":"Unknown apikey","status_code":401}}
2026-09-10 06:36:18,160 [ERROR] API Error 401: {"status":{"message":"Unknown apikey","status_code":401}}
2026-09-10 06:36:19,188 [ERROR] API Error 401: {"status":{"message":"Unknown apikey","status_code":401}}
2026-09-10 06:36:20,039 [ERROR] API Error 401: {"status":{"message":"Unknown apikey","status_code":401}}
2026-09-10 06:36:20,887 [ERROR] API Error 401: {"status":{"message":"Unknown apikey","status_code":401}}
2026-09-10 06:36:21,732 [ERROR] API Error 401: {"status":{"message":"Unknown apikey","status_code":401}}
2026-09-10 06:36:22,605 [ERROR] API Error 401: {"status":{"message":"Unknown apikey","status_code":401}}
2026-09-10 06:36:23,452 [ERROR] API Error 401: {"status":{"message":"Unknown apikey","status_code":401}}
2026-09-10 06:36:24,258 [ERROR] API Error 401: {"status":{"message":"Unknown apikey","status_code":401}}
2026-09-10 06:36:25,165 [ERROR] API Error 401: {"status":{"message":"Unknown apikey","status_code":401}}
2026-09-10 06:36:26,132 [ERROR] API Error 401: {"status":{"message":"Unknown apikey","status_code":401}}
2026-09-10 06:36:27,035 [ERROR] API Error 401: {"status":{"message":"Unknown apikey","status_code":401}}
2026-09-10 06:36:28,077 [ERROR] API Error 401: {"status":{"message":"Unknown apikey","status_code":401}}
2026-09-10 06:36:29,037 [ERROR] API Error 401: {"status":{"message":"Unknown apikey","status_code":401}}
2026-09-10 06:36:29,991 [ERROR] API Error 401: {"status":{"message":"Unknown apikey","status_code":401}}
2026-09-10 06:36:30,822 [ERROR] API Error 401: {"status":{"message":"Unknown apikey","status_code":401}}
2026-09-10 06:36:31,761 [ERROR] API Error 401: {"status":{"message":"Unknown apikey","status_code":401}}
2026-09-10 06:36:32,846 [ERROR] API Error 401: {"status":{"message":"Unknown apikey","status_code":401}}
2026-09-10 07:06:36,163 [INFO] Previous run detected (ID: 13). Window: 1788950163 -> 1789034796
2026-09-10 07:06:36,254 [INFO] Loaded 5521 known player identities from local cache.
2026-09-10 07:06:37,247 [ERROR] API Error 401: {"status":{"message":"Unknown apikey","status_code":401}}
2026-09-10 07:06:37,804 [ERROR] API Error 401: {"status":{"message":"Unknown apikey","status_code":401}}
2026-09-10 07:06:38,330 [ERROR] API Error 401: {"status":{"message":"Unknown apikey","status_code":401}}
2026-09-10 07:06:38,821 [ERROR] API Error 401: {"status":{"message":"Unknown apikey","status_code":401}}
2026-09-10 07:06:39,279 [ERROR] API Error 401: {"status":{"message":"Unknown apikey","status_code":401}}
2026-09-10 07:06:39,740 [ERROR] API Error 401: {"status":{"message":"Unknown apikey","status_code":401}}
2026-09-10 07:06:40,403 [ERROR] API Error 401: {"status":{"message":"Unknown apikey","status_code":401}}
2026-09-10 07:06:41,047 [ERROR] API Error 401: {"status":{"message":"Unknown apikey","status_code":401}}
2026-09-10 07:06:41,754 [ERROR] API Error 401: {"status":{"message":"Unknown apikey","status_code":401}}
2026-09-10 07:06:42,585 [ERROR] API Error 401: {"status":{"message":"Unknown apikey","status_code":401}}
2026-09-10 07:06:43,469 [ERROR] API Error 401: {"status":{"message":"Unknown apikey","status_code":401}}
2026-09-10 07:06:43,953 [ERROR] API Error 401: {"status":{"message":"Unknown apikey","status_code":401}}
2026-09-10 07:06:44,492 [ERROR] API Error 401: {"status":{"message":"Unknown apikey","status_code":401}}
2026-09-10 07:06:45,042 [ERROR] API Error 401: {"status":{"message":"Unknown apikey","status_code":401}}
2026-09-10 07:06:45,621 [ERROR] API Error 401: {"status":{"message":"Unknown apikey","status_code":401}}
2026-09-10 07:06:46,803 [ERROR] API Error 401: {"status":{"message":"Unknown apikey","status_code":401}}
2026-09-10 07:06:48,112 [ERROR] API Error 401: {"status":{"message":"Unknown apikey","status_code":401}}
2026-09-10 07:06:48,762 [ERROR] API Error 401: {"status":{"message":"Unknown apikey","status_code":401}}
2026-09-10 07:06:48,769 [INFO] Successfully recorded 0 snapshots for Run ID 15.
2026-09-10 07:07:19,347 [INFO] Previous run detected (ID: 13). Window: 1788950163 -> 1789034839
2026-09-10 07:07:19,434 [INFO] Loaded 5521 known player identities from local cache.
2026-09-10 07:07:19,974 [INFO] Loaded 42 players for NA1 CHALLENGER.
2026-09-10 07:07:21,759 [INFO] Loaded 129 players for NA1 GRANDMASTER.
2026-09-10 07:07:23,892 [INFO] Loaded 405 players for NA1 MASTER.
2026-09-10 07:07:25,849 [INFO] Loaded 66 players for EUW1 CHALLENGER.
2026-09-10 07:07:27,541 [INFO] Loaded 162 players for EUW1 GRANDMASTER.
2026-09-10 07:07:30,315 [INFO] Loaded 511 players for EUW1 MASTER.
2026-09-10 07:07:32,154 [INFO] Loaded 70 players for KR CHALLENGER.
2026-09-10 07:07:34,828 [INFO] Loaded 187 players for KR GRANDMASTER.
2026-09-10 07:07:39,522 [INFO] Loaded 698 players for KR MASTER.
2026-09-10 07:07:41,489 [INFO] Loaded 16 players for EUN1 CHALLENGER.
2026-09-10 07:07:43,242 [INFO] Loaded 24 players for EUN1 GRANDMASTER.
2026-09-10 07:07:45,223 [INFO] Loaded 94 players for EUN1 MASTER.
2026-09-10 07:07:46,953 [INFO] Loaded 15 players for BR1 CHALLENGER.
2026-09-10 07:07:48,678 [INFO] Loaded 29 players for BR1 GRANDMASTER.
2026-09-10 07:07:50,391 [INFO] Loaded 107 players for BR1 MASTER.
2026-09-10 07:07:52,790 [INFO] Loaded 25 players for JP1 CHALLENGER.
2026-09-10 07:07:55,213 [INFO] Loaded 43 players for JP1 GRANDMASTER.
2026-09-10 07:07:57,626 [INFO] Loaded 183 players for JP1 MASTER.
2026-09-10 07:07:59,309 [INFO] Successfully recorded 2806 snapshots for Run ID 16.
2026-09-10 07:07:59,313 [INFO] Starting Top 1 enrichment for 200 top performers...
2026-09-10 07:09:49,270 [INFO] Enriched 10/200 candidates. Harvested 658 lobby names so far.
2026-09-10 07:11:31,083 [INFO] Enriched 20/200 candidates. Harvested 1017 lobby names so far.
2026-09-10 07:13:05,152 [INFO] Enriched 30/200 candidates. Harvested 1268 lobby names so far.
2026-09-10 07:15:23,411 [INFO] Enriched 40/200 candidates. Harvested 1600 lobby names so far.
2026-09-10 07:17:21,331 [INFO] Enriched 50/200 candidates. Harvested 1828 lobby names so far.
2026-09-10 07:18:56,463 [WARNING] Network error: ('Connection aborted.', ConnectionResetError(10054, 'Foi forçado o cancelamento de uma conexão existente pelo host remoto', None, 10054, None)). Retrying in 5s...
2026-09-10 07:19:25,302 [INFO] Enriched 60/200 candidates. Harvested 2086 lobby names so far.
2026-09-10 07:21:11,177 [INFO] Enriched 70/200 candidates. Harvested 2254 lobby names so far.
2026-09-10 07:23:02,851 [INFO] Enriched 80/200 candidates. Harvested 2399 lobby names so far.
2026-09-10 07:24:33,046 [INFO] Enriched 90/200 candidates. Harvested 2520 lobby names so far.
2026-09-10 07:26:02,565 [INFO] Enriched 100/200 candidates. Harvested 2648 lobby names so far.
2026-09-10 07:27:48,747 [INFO] Enriched 110/200 candidates. Harvested 2859 lobby names so far.
2026-09-10 07:28:41,263 [INFO] Enriched 120/200 candidates. Harvested 2899 lobby names so far.
2026-09-10 07:30:01,467 [INFO] Enriched 130/200 candidates. Harvested 2961 lobby names so far.
2026-09-10 07:31:20,431 [INFO] Enriched 140/200 candidates. Harvested 3051 lobby names so far.
2026-09-10 07:32:28,881 [INFO] Enriched 150/200 candidates. Harvested 3102 lobby names so far.
2026-09-10 07:33:25,984 [INFO] Enriched 160/200 candidates. Harvested 3156 lobby names so far.
2026-09-10 07:34:22,644 [INFO] Enriched 170/200 candidates. Harvested 3210 lobby names so far.
2026-09-10 07:35:23,730 [INFO] Enriched 180/200 candidates. Harvested 3291 lobby names so far.
2026-09-10 07:36:24,143 [INFO] Enriched 190/200 candidates. Harvested 3326 lobby names so far.
2026-09-10 07:37:11,670 [INFO] Enriched 200/200 candidates. Harvested 3403 lobby names so far.
2026-09-10 07:37:12,150 [INFO] Resolving names directly for 16 active climbers without names...
2026-09-10 07:37:27,487 [INFO] Successfully resolved and cached 16 additional player names.
